candidate: reference :4111 vs symfony candidate :4112 (seed crowd, clock frozen at 2026-03-02T16:00:00Z)
breakpoint widths: {"chromium":[799,800,801],"firefox":[960,961],"webkit":[959,960]}
25 cells (25 on shared servers, 0 on fresh servers in 3 slots) × 2 targets, 5 workers
[1/25] account/edit/crowd @ chromium-desktop-light fail
[2/25] account/edit/crowd @ chromium-desktop-dark fail
[3/25] account/edit/crowd @ chromium-phone-dark fail
[4/25] account/edit/crowd @ chromium-phone-light fail
[6/25] account/edit/crowd/next_page @ chromium-desktop-light fail
[7/25] rooms/opens/new/crowd @ chromium-desktop-dark fail
[8/25] rooms/opens/new/crowd @ chromium-desktop-light fail
[9/25] account/edit/crowd/next_page @ chromium-desktop-dark fail
[10/25] account/edit/crowd/next_page @ chromium-phone-dark fail
[11/25] account/edit/crowd/next_page @ chromium-phone-light fail
[12/25] rooms/opens/new/crowd @ chromium-phone-light fail
[13/25] rooms/opens/new/crowd @ chromium-phone-dark fail
[14/25] rooms/opens/edit/crowd @ chromium-desktop-light fail
[15/25] rooms/opens/edit/crowd @ chromium-desktop-dark fail
[16/25] rooms/opens/edit/crowd @ chromium-phone-light fail
[17/25] rooms/opens/edit/crowd @ chromium-phone-dark fail
[18/25] rooms/opens/edit/filtered @ chromium-desktop-light fail
[19/25] rooms/opens/edit/filtered @ chromium-desktop-dark fail
[20/25] rooms/opens/edit/filtered @ chromium-phone-light fail
[21/25] rooms/opens/edit/filtered @ chromium-phone-dark fail
[22/25] rooms/closeds/new/crowd @ chromium-desktop-light fail
[23/25] rooms/closeds/new/crowd @ chromium-desktop-dark fail
[24/25] rooms/closeds/new/crowd @ chromium-phone-light fail
[25/25] rooms/closeds/new/crowd @ chromium-phone-dark fail
25 cells: 1 pass (0 flaky), 24 fail, 0 allowed, 0 error in 64.1s
report: /opt/campfire-bench/once-campfire-rust-symfony/parity/out/full1/crowd/report.html
