candidate: reference :4111 vs symfony candidate :4112 (seed custom_styles, clock frozen at 2026-03-02T16:00:00Z)
breakpoint widths: {"chromium":[799,800,801],"firefox":[960,961],"webkit":[959,960]}
33 cells (29 on shared servers, 4 on fresh servers in 3 slots) × 2 targets, 5 workers
[1/33] auth/sign_in/custom_styles @ chromium-desktop-dark fail
[2/33] auth/sign_in/custom_styles @ chromium-desktop-light fail
[3/33] auth/sign_in/custom_styles @ chromium-phone-light fail
[4/33] auth/sign_in/custom_styles @ chromium-phone-dark fail
[5/33] rooms/show/designers/custom_styles/member @ chromium-phone-light fail
[6/33] rooms/show/designers/custom_styles/member @ chromium-desktop-dark fail
[7/33] rooms/show/designers/custom_styles/member @ chromium-desktop-light fail
[8/33] rooms/show/designers/custom_styles @ chromium-phone-light fail
[9/33] rooms/show/designers/custom_styles @ chromium-desktop-dark fail
[10/33] rooms/show/designers/custom_styles @ chromium-desktop-light fail
[11/33] rooms/show/designers/custom_styles @ chromium-phone-dark fail
[13/33] rooms/show/designers/custom_styles/member @ chromium-phone-dark fail
[14/33] account/edit/with_logo @ chromium-desktop-dark fail
[15/33] account/edit/with_logo @ chromium-phone-light fail
[16/33] account/edit/with_logo @ chromium-desktop-light fail
[17/33] account/edit/with_logo @ chromium-phone-dark fail
[18/33] account/edit/with_logo/member @ chromium-desktop-light fail
[19/33] account/edit/with_logo/member @ chromium-phone-light fail
[20/33] account/edit/with_logo/member @ chromium-phone-dark fail
[21/33] account/custom_styles/filled @ chromium-desktop-light fail
[22/33] account/edit/with_logo/member @ chromium-desktop-dark fail
[23/33] account/custom_styles/filled @ chromium-desktop-dark fail
[24/33] users/profile/custom_styles @ chromium-desktop-dark fail
[25/33] account/custom_styles/filled @ chromium-phone-light fail
[26/33] account/custom_styles/filled @ chromium-phone-dark fail
[27/33] users/profile/custom_styles @ chromium-desktop-light fail
[28/33] users/profile/custom_styles @ chromium-phone-light fail
[29/33] search/custom_styles @ chromium-desktop-dark fail
[30/33] search/custom_styles @ chromium-desktop-light fail
[31/33] users/profile/custom_styles @ chromium-phone-dark fail
[32/33] search/custom_styles @ chromium-phone-light fail
[33/33] search/custom_styles @ chromium-phone-dark fail
33 cells: 1 pass (0 flaky), 32 fail, 0 allowed, 0 error in 77.9s
report: /opt/campfire-bench/once-campfire-rust-symfony/parity/out/full1/custom_styles/report.html
