candidate: reference :4111 vs symfony candidate :4112 (seed default, clock frozen at 2026-03-02T16:00:00Z)
breakpoint widths: {"chromium":[799,800,801],"firefox":[960,961],"webkit":[959,960]}
874 cells (646 on shared servers, 228 on fresh servers in 3 slots) × 2 targets, 5 workers
[1/874] auth/sign_in @ firefox-desktop-light fail
[2/874] auth/sign_in @ chromium-desktop-light fail
[3/874] auth/sign_in @ webkit-desktop-light fail
[4/874] auth/sign_in @ chromium-desktop-dark fail
[5/874] auth/sign_in/error @ chromium-desktop-light fail
[6/874] auth/sign_in @ webkit-phone-light fail
[7/874] auth/sign_in @ firefox-phone-light fail
[8/874] auth/sign_in @ chromium-phone-light fail
[9/874] realtime/message_sent @ firefox-desktop-light fail
[10/874] rooms/show/designers @ firefox-desktop-light fail
[11/874] realtime/message_sent @ webkit-desktop-light fail
[12/874] auth/sign_in/error @ chromium-desktop-dark fail
[13/874] rooms/show/designers @ webkit-desktop-light fail
[14/874] auth/sign_in @ chromium-phone-dark fail
[15/874] rooms/show/designers @ firefox-phone-light fail
[16/874] rooms/show/designers @ webkit-phone-light fail
[17/874] auth/sign_in @ chromium-bp799-light fail
[18/874] auth/sign_in/error @ chromium-phone-light fail
[19/874] realtime/message_sent @ firefox-phone-light fail
[20/874] interactions/composer/with_text @ firefox-desktop-light fail
[21/874] realtime/message_sent @ webkit-phone-light fail
[22/874] interactions/composer/with_text @ webkit-desktop-light fail
[23/874] auth/sign_in @ chromium-bp799-dark fail
[24/874] interactions/composer/with_text @ firefox-phone-light fail
[25/874] interactions/composer/with_text @ webkit-phone-light fail
[26/874] auth/sign_in @ chromium-bp800-light fail
[27/874] auth/sign_in/error @ chromium-phone-dark fail
[28/874] realtime/attachment_sent @ firefox-desktop-light fail
[29/874] realtime/attachment_sent @ webkit-desktop-light fail
[30/874] interactions/mention_autocomplete/results @ firefox-desktop-light fail
[31/874] interactions/mention_autocomplete/results @ webkit-desktop-light fail
[32/874] auth/sign_in @ chromium-bp800-dark fail
[33/874] interactions/mention_autocomplete/results @ firefox-phone-light fail
[34/874] interactions/mention_autocomplete/results @ webkit-phone-light fail
[35/874] auth/sign_in @ chromium-bp801-light fail
[36/874] realtime/attachment_sent @ firefox-phone-light fail
[37/874] realtime/attachment_sent @ webkit-phone-light fail
[38/874] interactions/lightbox @ firefox-desktop-light fail
[39/874] interactions/lightbox @ webkit-desktop-light fail
[40/874] auth/sign_in @ chromium-bp801-dark fail
[41/874] interactions/lightbox @ firefox-phone-light fail
[42/874] auth/sign_in/rate_limited @ chromium-desktop-light fail
[43/874] interactions/lightbox @ webkit-phone-light fail
[44/874] auth/sign_in/banned_ip @ chromium-desktop-light fail
[45/874] realtime/message_edited @ firefox-desktop-light fail
[46/874] realtime/message_edited @ webkit-desktop-light fail
[47/874] auth/sign_in/banned_ip @ chromium-desktop-dark fail
[48/874] auth/sign_in/banned_ip @ chromium-phone-light fail
[49/874] auth/sign_in/banned_ip @ chromium-phone-dark fail
[50/874] auth/join @ chromium-desktop-light fail
[51/874] auth/join @ chromium-desktop-dark fail
[52/874] auth/join @ chromium-phone-light fail
[53/874] auth/join @ chromium-phone-dark fail
[54/874] auth/join/invalid_code @ chromium-desktop-light fail
[55/874] auth/join/invalid_code @ chromium-desktop-dark fail
[56/874] realtime/message_edited @ webkit-phone-light fail
[57/874] realtime/message_edited @ firefox-phone-light fail
[58/874] auth/join/invalid_code @ chromium-phone-light fail
[59/874] auth/sign_in/rate_limited @ chromium-desktop-dark fail
[60/874] auth/join/invalid_code @ chromium-phone-dark fail
[61/874] auth/join/existing_email @ chromium-desktop-light fail
[62/874] auth/join/existing_email @ chromium-desktop-dark fail
[63/874] realtime/message_deleted @ firefox-desktop-light fail
[64/874] auth/join/existing_email @ chromium-phone-light fail
[65/874] realtime/message_deleted @ webkit-desktop-light fail
[66/874] auth/join/existing_email @ chromium-phone-dark fail
[67/874] auth/transfer/expired @ chromium-desktop-light fail
[68/874] auth/transfer/expired @ chromium-desktop-dark fail
[69/874] auth/sign_in/rate_limited @ chromium-phone-light fail
[70/874] auth/transfer/expired @ chromium-phone-light fail
[71/874] auth/transfer/expired @ chromium-phone-dark fail
[72/874] auth/signed_out_redirect @ chromium-desktop-light fail
[73/874] auth/signed_out_redirect @ chromium-desktop-dark fail
[74/874] auth/signed_out_redirect @ chromium-phone-light fail
[75/874] realtime/message_deleted @ firefox-phone-light fail
[76/874] auth/signed_out_redirect @ chromium-phone-dark fail
[77/874] auth/incompatible_browser @ chromium-desktop-light fail
[78/874] auth/incompatible_browser @ chromium-desktop-dark fail
[79/874] auth/incompatible_browser @ chromium-phone-light fail
[80/874] realtime/message_deleted @ webkit-phone-light fail
[81/874] auth/sign_in/rate_limited @ chromium-phone-dark fail
[82/874] auth/incompatible_browser @ chromium-phone-dark fail
[83/874] auth/incompatible_browser/apple_messages @ chromium-desktop-light fail
[84/874] auth/join/completed @ chromium-desktop-light fail
[85/874] auth/incompatible_browser/apple_messages @ chromium-desktop-dark fail
[86/874] auth/incompatible_browser/apple_messages @ chromium-phone-light fail
[87/874] auth/incompatible_browser/apple_messages @ chromium-phone-dark fail
[88/874] errors/404 @ chromium-desktop-light fail
[89/874] errors/404 @ chromium-desktop-dark fail
[90/874] errors/404 @ chromium-phone-light fail
[91/874] realtime/boosted @ webkit-desktop-light fail
[92/874] realtime/boosted @ firefox-desktop-light fail
[93/874] errors/404 @ chromium-phone-dark fail
[94/874] auth/join/completed @ chromium-desktop-dark fail
[95/874] errors/404/static @ chromium-desktop-light fail
[96/874] errors/404/static @ chromium-desktop-dark fail
[97/874] errors/404/static @ chromium-phone-light fail
[98/874] errors/404/static @ chromium-phone-dark fail
[99/874] errors/422/static @ chromium-desktop-light fail
[100/874] errors/422/static @ chromium-desktop-dark fail
[101/874] auth/join/completed @ chromium-phone-light fail
[102/874] errors/422/static @ chromium-phone-light fail
[103/874] errors/422/static @ chromium-phone-dark fail
[104/874] realtime/boosted @ webkit-phone-light fail
[105/874] realtime/boosted @ firefox-phone-light fail
[106/874] errors/500/static @ chromium-desktop-light fail
[107/874] errors/500/static @ chromium-desktop-dark fail
[108/874] errors/500/static @ chromium-phone-light fail
[109/874] errors/500/static @ chromium-phone-dark fail
[110/874] errors/502/static @ chromium-desktop-light fail
[111/874] errors/502/static @ chromium-desktop-dark fail
[112/874] errors/502/static @ chromium-phone-light fail
[113/874] auth/join/completed @ chromium-phone-dark fail
[114/874] realtime/boost_removed @ firefox-desktop-light fail
[115/874] errors/502/static @ chromium-phone-dark fail
[116/874] realtime/boost_removed @ webkit-desktop-light fail
[117/874] rooms/show/designers @ chromium-desktop-light fail
[118/874] rooms/show/designers @ chromium-desktop-dark fail
[119/874] rooms/show/designers @ chromium-phone-light fail
[120/874] rooms/show/designers @ chromium-phone-dark fail
[121/874] auth/transfer/valid @ chromium-desktop-light fail
[122/874] rooms/show/designers @ chromium-bp799-light fail
[123/874] rooms/show/designers @ chromium-bp799-dark fail
[124/874] realtime/boost_removed @ webkit-phone-light fail
[125/874] realtime/boost_removed @ firefox-phone-light fail
[126/874] rooms/show/designers @ chromium-bp800-light fail
[127/874] rooms/show/designers @ chromium-bp800-dark fail
[128/874] rooms/show/designers @ chromium-bp801-light fail
[129/874] auth/transfer/valid @ chromium-desktop-dark fail
[130/874] rooms/show/designers @ chromium-bp801-dark fail
[131/874] realtime/typing/one @ firefox-desktop-light fail
[132/874] rooms/show/original_with_invitation @ chromium-desktop-light fail
[133/874] realtime/typing/one @ webkit-desktop-light fail
[134/874] rooms/show/original_with_invitation @ chromium-desktop-dark fail
[135/874] rooms/show/original_with_invitation @ chromium-phone-light fail
[136/874] rooms/show/original_with_invitation @ chromium-phone-dark fail
[137/874] auth/transfer/valid @ chromium-phone-light fail
[138/874] rooms/show/original_with_invitation/member @ chromium-desktop-light fail
[139/874] realtime/typing/one @ firefox-phone-light fail
[140/874] rooms/show/original_with_invitation/member @ chromium-desktop-dark fail
[141/874] realtime/typing/one @ webkit-phone-light fail
[142/874] rooms/show/original_with_invitation/member @ chromium-phone-light fail
[143/874] rooms/show/original_with_invitation/member @ chromium-phone-dark fail
[144/874] rooms/show/empty @ chromium-desktop-light fail
[145/874] auth/transfer/valid @ chromium-phone-dark fail
[146/874] rooms/show/empty @ chromium-desktop-dark fail
[147/874] rooms/show/empty @ chromium-phone-light fail
[148/874] rooms/show/empty @ chromium-phone-dark fail
[149/874] rooms/show/open @ chromium-desktop-light fail
[150/874] realtime/typing/many @ webkit-desktop-light fail
[151/874] realtime/typing/many @ firefox-desktop-light fail
[152/874] rooms/show/open @ chromium-desktop-dark fail
[153/874] rooms/show/open @ chromium-phone-light fail
[154/874] rooms/show/open @ chromium-phone-dark fail
[155/874] rooms/show/direct @ chromium-desktop-light fail
[156/874] rooms/show/designers/member @ chromium-desktop-light fail
[157/874] realtime/typing/many @ firefox-phone-light fail
[158/874] rooms/show/direct @ chromium-desktop-dark fail
[159/874] rooms/show/direct @ chromium-phone-light fail
[160/874] rooms/show/direct @ chromium-phone-dark fail
[161/874] rooms/show/direct @ chromium-bp799-light fail
[162/874] realtime/typing/many @ webkit-phone-light fail
[163/874] rooms/show/direct @ chromium-bp799-dark fail
[164/874] rooms/show/direct @ chromium-bp800-light fail
[165/874] rooms/show/direct @ chromium-bp800-dark fail
[166/874] realtime/unread_in_sidebar @ webkit-desktop-light fail
[167/874] realtime/unread_in_sidebar @ firefox-desktop-light fail
[168/874] rooms/show/direct @ chromium-bp801-light fail
[169/874] rooms/show/designers/member @ chromium-desktop-dark fail
[170/874] rooms/show/direct @ chromium-bp801-dark fail
[171/874] rooms/show/direct/with_bot @ chromium-desktop-light fail
[172/874] rooms/show/direct/with_bot @ chromium-desktop-dark fail
[173/874] rooms/show/designers/member @ chromium-phone-light fail
[174/874] rooms/show/direct/with_bot @ chromium-phone-light fail
[175/874] rooms/show/direct/with_bot @ chromium-phone-dark fail
[176/874] rooms/show/non_member @ chromium-desktop-light fail
[177/874] rooms/show/non_member @ chromium-desktop-dark fail
[178/874] realtime/unread_in_sidebar @ webkit-phone-light fail
[179/874] realtime/unread_in_sidebar @ firefox-phone-light fail
[180/874] rooms/show/non_member @ chromium-phone-light fail
[181/874] rooms/show/non_member @ chromium-phone-dark fail
[182/874] rooms/show/unrenderable_message @ chromium-desktop-light fail
[183/874] rooms/show/unrenderable_message @ chromium-desktop-dark fail
[184/874] rooms/show/designers/member @ chromium-phone-dark fail
[185/874] realtime/new_room_in_sidebar @ firefox-desktop-light fail
[186/874] rooms/show/unrenderable_message @ chromium-phone-light fail
[187/874] rooms/show/unrenderable_message @ chromium-phone-dark fail
[188/874] rooms/involvement/mentions @ chromium-desktop-light fail
[189/874] rooms/involvement/mentions @ chromium-desktop-dark fail
[190/874] realtime/new_room_in_sidebar @ webkit-desktop-light fail
[191/874] rooms/involvement/mentions @ chromium-phone-light fail
[192/874] rooms/involvement/mentions @ chromium-phone-dark fail
[193/874] rooms/involvement/everything @ chromium-desktop-light fail
[194/874] rooms/show/closed @ chromium-desktop-light fail
[195/874] realtime/new_room_in_sidebar @ webkit-phone-light fail
[196/874] rooms/involvement/everything @ chromium-desktop-dark fail
[197/874] realtime/new_room_in_sidebar @ firefox-phone-light fail
[198/874] rooms/involvement/everything @ chromium-phone-light fail
[199/874] rooms/involvement/everything @ chromium-phone-dark fail
[200/874] rooms/involvement/nothing @ chromium-desktop-light fail
[201/874] rooms/show/closed @ chromium-desktop-dark fail
[202/874] rooms/involvement/nothing @ chromium-desktop-dark fail
[203/874] rooms/involvement/nothing @ chromium-phone-light fail
[204/874] rooms/involvement/nothing @ chromium-phone-dark fail
[205/874] rooms/involvement/invisible @ chromium-desktop-light fail
[206/874] rooms/involvement/invisible @ chromium-desktop-dark fail
[207/874] rooms/involvement/invisible @ chromium-phone-light fail
[212/874] rooms/involvement/invisible @ chromium-phone-dark fail
[213/874] messages/plain @ chromium-desktop-light fail
[214/874] messages/plain @ chromium-desktop-dark fail
[215/874] realtime/removed_from_room @ firefox-desktop-light fail
[216/874] messages/plain @ chromium-phone-light fail
[217/874] realtime/removed_from_room @ webkit-desktop-light fail
[218/874] messages/plain @ chromium-phone-dark fail
[219/874] realtime/removed_from_room @ firefox-phone-light fail
[220/874] messages/threaded @ chromium-desktop-light fail
[221/874] messages/threaded @ chromium-desktop-dark fail
[222/874] rooms/show/closed @ chromium-phone-light fail
[223/874] messages/threaded @ chromium-phone-light fail
[224/874] messages/threaded @ chromium-phone-dark fail
[225/874] messages/long @ chromium-desktop-light fail
[226/874] messages/long @ chromium-desktop-dark fail
[227/874] messages/long @ chromium-phone-light fail
[228/874] messages/long @ chromium-phone-dark fail
[229/874] realtime/room_deleted_then_send @ firefox-desktop-light fail
[230/874] messages/emoji_only @ chromium-desktop-dark fail
[231/874] messages/emoji_only @ chromium-desktop-light fail
[232/874] realtime/room_deleted_then_send @ webkit-desktop-light fail
[233/874] realtime/removed_from_room @ webkit-phone-light fail
[234/874] messages/emoji_only @ chromium-phone-light fail
[235/874] messages/emoji_only @ chromium-phone-dark fail
[236/874] rooms/show/closed @ chromium-phone-dark fail
[237/874] messages/code_with_language @ chromium-desktop-light fail
[238/874] messages/code_with_language @ chromium-desktop-dark fail
[239/874] rooms/show/busy/last_page @ chromium-desktop-light fail
[240/874] messages/code_with_language @ chromium-phone-light fail
[241/874] messages/code_with_language @ chromium-phone-dark fail
[242/874] realtime/room_deleted_then_send @ firefox-phone-light fail
[243/874] realtime/room_deleted_then_send @ webkit-phone-light fail
[244/874] messages/code_without_language @ chromium-desktop-light fail
[245/874] messages/code_without_language @ chromium-desktop-dark fail
[246/874] messages/code_without_language @ chromium-phone-light fail
[247/874] messages/code_without_language @ chromium-phone-dark fail
[248/874] rooms/show/busy/last_page @ chromium-desktop-dark fail
[249/874] realtime/presence_read @ firefox-desktop-light fail
[250/874] messages/table @ chromium-desktop-light fail
[251/874] messages/table @ chromium-desktop-dark fail
[252/874] realtime/presence_read @ webkit-desktop-light fail
[253/874] messages/table @ chromium-phone-light fail
[254/874] messages/table @ chromium-phone-dark fail
[255/874] messages/formatting @ chromium-desktop-light fail
[256/874] messages/formatting @ chromium-desktop-dark fail
[257/874] rooms/show/busy/last_page @ chromium-phone-light fail
[258/874] realtime/presence_read @ webkit-phone-light fail
[259/874] realtime/presence_read @ firefox-phone-light fail
[260/874] messages/formatting @ chromium-phone-light fail
[261/874] messages/formatting @ chromium-phone-dark fail
[262/874] messages/mention @ chromium-desktop-light fail
[263/874] rooms/show/busy/last_page @ chromium-phone-dark fail
[264/874] messages/mention @ chromium-desktop-dark fail
[265/874] rooms/show/busy/scrolled_to_previous_page @ chromium-desktop-light fail
[266/874] rooms/show/busy/scrolled_to_previous_page @ chromium-desktop-dark fail
[267/874] messages/mention @ chromium-phone-light fail
[268/874] messages/mention @ chromium-phone-dark fail
[269/874] messages/mention_marshal_era_sgid @ chromium-desktop-light fail
[270/874] messages/mention_marshal_era_sgid @ chromium-desktop-dark fail
[271/874] rooms/show/busy/scrolled_to_previous_page @ chromium-phone-light fail
[272/874] rooms/show/busy/top_of_pagination @ chromium-desktop-light fail
[273/874] rooms/show/busy/scrolled_to_previous_page @ chromium-phone-dark fail
[274/874] messages/mention_marshal_era_sgid @ chromium-phone-dark fail
[275/874] messages/mention_marshal_era_sgid @ chromium-phone-light fail
[276/874] rooms/show/busy/top_of_pagination @ chromium-desktop-dark fail
[277/874] messages/sound_with_image @ chromium-desktop-light fail
[278/874] rooms/show/busy/top_of_pagination @ chromium-phone-light fail
[279/874] messages/sound_with_image @ chromium-desktop-dark fail
[280/874] rooms/show/busy/top_of_pagination @ chromium-phone-dark fail
[281/874] messages/sound_with_image @ chromium-phone-light fail
[282/874] messages/sound_with_image @ chromium-phone-dark fail
[283/874] rooms/show/busy/page_around_middle @ chromium-desktop-light fail
[284/874] rooms/show/busy/page_around_middle @ chromium-desktop-dark fail
[285/874] rooms/show/busy/page_around_middle @ chromium-phone-light fail
[286/874] messages/sound_with_text @ chromium-desktop-light fail
[287/874] messages/sound_with_text @ chromium-desktop-dark fail
[288/874] messages/sound_with_text @ chromium-phone-light fail
[289/874] messages/sound_with_text @ chromium-phone-dark fail
[290/874] rooms/show/busy/page_around_middle @ chromium-phone-dark fail
[291/874] rooms/show/busy/page_around_newest @ chromium-desktop-light fail
[292/874] rooms/show/busy/page_around_newest @ chromium-desktop-dark fail
[293/874] messages/opengraph_embed @ chromium-desktop-dark fail
[294/874] messages/opengraph_embed @ chromium-desktop-light fail
[295/874] rooms/show/busy/page_around_newest @ chromium-phone-light fail
[296/874] messages/opengraph_embed @ chromium-phone-dark fail
[297/874] messages/opengraph_embed @ chromium-phone-light fail
[298/874] rooms/show/busy/page_around_newest @ chromium-phone-dark fail
[299/874] rooms/show/busy/scrolled_to_next_page @ chromium-desktop-light fail
[300/874] messages/solo_unfurled_link @ chromium-desktop-light fail
[301/874] messages/solo_unfurled_link @ chromium-desktop-dark fail
[302/874] rooms/show/busy/scrolled_to_next_page @ chromium-desktop-dark fail
[303/874] messages/solo_unfurled_link @ chromium-phone-dark fail
[304/874] messages/solo_unfurled_link @ chromium-phone-light fail
[305/874] rooms/show/busy/scrolled_to_next_page @ chromium-phone-light fail
[306/874] rooms/show/busy/scrolled_to_next_page @ chromium-phone-dark fail
[307/874] messages/opengraph_trix_twitter_avatar @ chromium-desktop-light fail
[308/874] messages/opengraph_trix_twitter_avatar @ chromium-desktop-dark fail
[309/874] rooms/show/direct/group @ chromium-desktop-light fail
[310/874] rooms/show/direct/group @ chromium-desktop-dark fail
[311/874] messages/opengraph_trix_twitter_avatar @ chromium-phone-dark fail
[312/874] messages/opengraph_trix_twitter_avatar @ chromium-phone-light fail
[313/874] rooms/show/direct/group @ chromium-phone-light fail
[314/874] rooms/show/direct/group @ chromium-phone-dark fail
[315/874] messages/autolinked @ chromium-desktop-light fail
[316/874] messages/autolinked @ chromium-desktop-dark fail
[317/874] rooms/involvement/direct_nothing @ chromium-desktop-light fail
[318/874] rooms/involvement/direct_nothing @ chromium-desktop-dark fail
[319/874] messages/autolinked @ chromium-phone-light fail
[320/874] messages/autolinked @ chromium-phone-dark fail
[321/874] rooms/involvement/direct_nothing @ chromium-phone-light fail
[322/874] rooms/involvement/direct_nothing @ chromium-phone-dark fail
[323/874] messages/image @ chromium-desktop-light fail
[324/874] messages/image @ chromium-desktop-dark fail
[325/874] messages/image @ chromium-phone-light fail
[326/874] rooms/involvement/cycled @ chromium-desktop-light fail
[327/874] messages/image @ chromium-phone-dark fail
[328/874] rooms/involvement/cycled @ chromium-phone-light fail
[329/874] rooms/involvement/cycled @ chromium-desktop-dark fail
[330/874] messages/image_downscaled @ chromium-desktop-light fail
[331/874] messages/image_downscaled @ chromium-desktop-dark fail
[332/874] messages/image_downscaled @ chromium-phone-light fail
[333/874] messages/image_downscaled @ chromium-phone-dark fail
[334/874] rooms/involvement/cycled @ chromium-phone-dark fail
[335/874] messages/mention/mentioned @ chromium-desktop-light fail
[336/874] messages/mention/mentioned @ chromium-desktop-dark fail
[337/874] messages/video @ chromium-desktop-dark fail
[338/874] messages/video @ chromium-desktop-light fail
[339/874] messages/mention/mentioned @ chromium-phone-light fail
[340/874] messages/video @ chromium-phone-dark fail
[341/874] messages/video @ chromium-phone-light fail
[342/874] messages/boosts/many @ chromium-desktop-light fail
[343/874] messages/mention/mentioned @ chromium-phone-dark fail
[344/874] messages/file @ chromium-desktop-dark fail
[345/874] messages/file @ chromium-desktop-light fail
[346/874] messages/boosts/many @ chromium-desktop-dark fail
[347/874] messages/file @ chromium-phone-light fail
[348/874] messages/file @ chromium-phone-dark fail
[349/874] messages/boosts/many @ chromium-phone-light fail
[350/874] messages/boosts/many @ chromium-phone-dark fail
[351/874] messages/file_unvariable_image @ chromium-desktop-light fail
[352/874] messages/file_unvariable_image @ chromium-desktop-dark fail
[353/874] messages/file_unvariable_image @ chromium-phone-light fail
[354/874] messages/file_unvariable_image @ chromium-phone-dark fail
[355/874] interactions/boost_created @ chromium-desktop-light fail
[356/874] interactions/boost_created @ chromium-phone-light fail
[357/874] interactions/boost_created @ chromium-desktop-dark fail
[358/874] messages/from_bot @ chromium-desktop-light fail
[359/874] messages/from_bot @ chromium-desktop-dark fail
[360/874] messages/from_bot @ chromium-phone-light fail
[361/874] messages/from_bot @ chromium-phone-dark fail
[362/874] interactions/boost_created @ chromium-phone-dark fail
[363/874] messages/from_deactivated_user @ chromium-desktop-dark fail
[364/874] interactions/quick_boost @ chromium-desktop-light fail
[365/874] messages/from_deactivated_user @ chromium-desktop-light fail
[366/874] interactions/quick_boost @ chromium-desktop-dark fail
[367/874] messages/from_deactivated_user @ chromium-phone-light fail
[368/874] messages/from_deactivated_user @ chromium-phone-dark fail
[369/874] interactions/quick_boost @ chromium-phone-light fail
[370/874] messages/edited @ chromium-desktop-light fail
[371/874] messages/edited @ chromium-desktop-dark fail
[372/874] interactions/quick_boost @ chromium-phone-dark fail
[373/874] interactions/edit_saved @ chromium-desktop-light fail
[374/874] messages/edited @ chromium-phone-light fail
[375/874] messages/edited @ chromium-phone-dark fail
[376/874] messages/boosts/none @ chromium-desktop-light fail
[377/874] messages/boosts/none @ chromium-desktop-dark fail
[378/874] interactions/edit_saved @ chromium-desktop-dark fail
[379/874] interactions/edit_saved @ chromium-phone-light fail
[380/874] messages/boosts/none @ chromium-phone-light fail
[381/874] messages/boosts/none @ chromium-phone-dark fail
[382/874] interactions/edit_saved @ chromium-phone-dark fail
[383/874] messages/boosts/one @ chromium-desktop-dark fail
[384/874] messages/boosts/one @ chromium-desktop-light fail
[385/874] messages/boosts/one @ chromium-phone-light fail
[386/874] messages/boosts/one @ chromium-phone-dark fail
[387/874] interactions/message_deleted @ chromium-desktop-light fail
[388/874] interactions/message_deleted @ chromium-desktop-dark fail
[389/874] interactions/message_deleted @ chromium-phone-light fail
[390/874] messages/boosts/yours @ chromium-desktop-light fail
[391/874] messages/boosts/yours @ chromium-desktop-dark fail
[392/874] messages/boosts/yours @ chromium-phone-dark fail
[393/874] messages/boosts/yours @ chromium-phone-light fail
[394/874] interactions/message_deleted @ chromium-phone-dark fail
[395/874] interactions/composer/sent @ chromium-desktop-light fail
[396/874] messages/boosts/text_boost @ chromium-desktop-dark fail
[397/874] messages/boosts/text_boost @ chromium-desktop-light fail
[398/874] interactions/composer/sent @ chromium-desktop-dark fail
[399/874] messages/boosts/text_boost @ chromium-phone-light fail
[400/874] messages/boosts/text_boost @ chromium-phone-dark fail
[401/874] interactions/composer/sent @ chromium-phone-light fail
[402/874] interactions/composer/sent @ chromium-phone-dark fail
[403/874] interactions/composer/sent_by_keyboard @ chromium-desktop-light fail
[404/874] interactions/actions_menu @ chromium-desktop-light fail
[405/874] interactions/actions_menu @ chromium-desktop-dark fail
[406/874] interactions/actions_menu @ chromium-phone-light fail
[407/874] interactions/actions_menu @ chromium-phone-dark fail
[408/874] interactions/composer/sent_by_keyboard @ chromium-desktop-dark fail
[409/874] interactions/composer/sent_attachment @ chromium-desktop-light fail
[410/874] interactions/composer/sent_attachment @ chromium-desktop-dark fail
[411/874] interactions/actions_menu @ chromium-bp799-light fail
[412/874] interactions/actions_menu @ chromium-bp799-dark fail
[413/874] interactions/composer/sent_attachment @ chromium-phone-light fail
[414/874] interactions/composer/sent_attachment @ chromium-phone-dark fail
[415/874] interactions/actions_menu @ chromium-bp800-light fail
[416/874] interactions/actions_menu @ chromium-bp800-dark fail
[417/874] interactions/composer/play_sound @ chromium-desktop-light fail
[418/874] interactions/actions_menu @ chromium-bp801-light fail
[419/874] interactions/actions_menu @ chromium-bp801-dark fail
[420/874] interactions/composer/play_sound @ chromium-phone-light fail
[421/874] interactions/composer/play_sound @ chromium-desktop-dark fail
[422/874] interactions/composer/play_sound @ chromium-phone-dark fail
[423/874] interactions/actions_menu/attachment @ chromium-desktop-dark fail
[424/874] interactions/actions_menu/attachment @ chromium-desktop-light fail
[425/874] interactions/flash_notice @ chromium-desktop-light fail
[426/874] interactions/flash_notice @ chromium-desktop-dark fail
[427/874] interactions/actions_menu/attachment @ chromium-phone-dark fail
[428/874] interactions/actions_menu/attachment @ chromium-phone-light fail
[429/874] interactions/flash_notice @ chromium-phone-light fail
[430/874] interactions/actions_menu/hover_only @ chromium-desktop-light fail
[431/874] interactions/actions_menu/hover_only @ chromium-desktop-dark fail
[432/874] interactions/sidebar/read_after_visit @ chromium-desktop-light fail
[433/874] interactions/flash_notice @ chromium-phone-dark fail
[434/874] interactions/actions_menu/hover_only @ chromium-phone-light fail
[435/874] interactions/actions_menu/hover_only @ chromium-phone-dark fail
[436/874] interactions/sidebar/read_after_visit @ chromium-desktop-dark fail
[437/874] interactions/sidebar/read_after_visit @ chromium-phone-light fail
[438/874] interactions/sidebar/read_after_visit @ chromium-phone-dark fail
[439/874] interactions/boost_picker @ chromium-desktop-light fail
[440/874] interactions/boost_picker @ chromium-desktop-dark fail
[441/874] account/edit/saved @ chromium-desktop-light fail
[442/874] interactions/boost_picker @ chromium-phone-dark fail
[443/874] interactions/boost_picker @ chromium-phone-light fail
[444/874] account/edit/saved @ chromium-desktop-dark fail
[445/874] account/edit/saved @ chromium-phone-light fail
[446/874] account/edit/saved @ chromium-phone-dark fail
[447/874] interactions/boost_picker/filled @ chromium-desktop-dark fail
[448/874] interactions/boost_picker/filled @ chromium-desktop-light fail
[449/874] users/profile/avatar_uploaded @ chromium-desktop-light fail
[450/874] users/profile/avatar_uploaded @ chromium-desktop-dark fail
[451/874] interactions/boost_picker/filled @ chromium-phone-dark fail
[452/874] interactions/boost_picker/filled @ chromium-phone-light fail
[453/874] users/profile/avatar_uploaded @ chromium-phone-light fail
[454/874] users/profile/qr_code @ chromium-desktop-light fail
[455/874] users/profile/avatar_uploaded @ chromium-phone-dark fail
[456/874] users/profile/qr_code @ chromium-desktop-dark fail
[457/874] interactions/boost_picker/cancelled @ chromium-desktop-dark fail
[458/874] interactions/boost_picker/cancelled @ chromium-desktop-light fail
[459/874] users/profile/qr_code @ chromium-phone-light fail
[460/874] users/profile/qr_code @ chromium-phone-dark fail
[461/874] search/submitted @ chromium-desktop-light fail
[462/874] interactions/boost_picker/cancelled @ chromium-phone-dark fail
[463/874] interactions/boost_picker/cancelled @ chromium-phone-light fail
[464/874] search/submitted @ chromium-phone-light fail
[465/874] search/submitted @ chromium-desktop-dark fail
[466/874] interactions/boost_delete_revealed @ chromium-desktop-light fail
[467/874] interactions/boost_delete_revealed @ chromium-desktop-dark fail
[468/874] search/submitted @ chromium-phone-dark fail
[469/874] interactions/boost_delete_revealed @ chromium-phone-light fail
[470/874] interactions/boost_delete_revealed @ chromium-phone-dark fail
[471/874] realtime/message_sent @ chromium-desktop-light fail
[472/874] interactions/edit_form @ chromium-desktop-light fail
[473/874] interactions/edit_form @ chromium-desktop-dark fail
[474/874] realtime/message_sent @ chromium-desktop-dark fail
[475/874] realtime/message_sent @ chromium-phone-light fail
[476/874] interactions/edit_form @ chromium-phone-light fail
[477/874] interactions/edit_form @ chromium-phone-dark fail
[478/874] interactions/edit_form/attachment @ chromium-desktop-dark fail
[479/874] interactions/edit_form/attachment @ chromium-desktop-light fail
[480/874] realtime/message_sent @ chromium-phone-dark fail
[481/874] realtime/attachment_sent @ chromium-desktop-light fail
[482/874] realtime/attachment_sent @ chromium-desktop-dark fail
[483/874] interactions/edit_form/attachment @ chromium-phone-light fail
[484/874] interactions/edit_form/attachment @ chromium-phone-dark fail
[485/874] realtime/attachment_sent @ chromium-phone-light fail
[486/874] interactions/edit_form/with_mention @ chromium-desktop-light fail
[487/874] interactions/edit_form/with_mention @ chromium-desktop-dark fail
[488/874] realtime/attachment_sent @ chromium-phone-dark fail
[489/874] realtime/message_edited @ chromium-desktop-light fail
[490/874] interactions/edit_form/with_mention @ chromium-phone-light fail
[491/874] interactions/edit_form/with_mention @ chromium-phone-dark fail
[492/874] interactions/edit_form/cancelled @ chromium-desktop-dark fail
[493/874] realtime/message_edited @ chromium-phone-light fail
[494/874] interactions/edit_form/cancelled @ chromium-desktop-light fail
[495/874] realtime/message_edited @ chromium-desktop-dark fail
[496/874] realtime/message_edited @ chromium-phone-dark fail
[497/874] interactions/edit_form/cancelled @ chromium-phone-light fail
[498/874] interactions/edit_form/cancelled @ chromium-phone-dark fail
[499/874] interactions/composer/empty_focused @ chromium-desktop-dark fail
[500/874] interactions/composer/empty_focused @ chromium-desktop-light fail
[501/874] realtime/message_deleted @ chromium-desktop-dark fail
[502/874] realtime/message_deleted @ chromium-desktop-light fail
[503/874] interactions/composer/empty_focused @ chromium-phone-light fail
[504/874] interactions/composer/empty_focused @ chromium-phone-dark fail
[505/874] realtime/message_deleted @ chromium-phone-light fail
[506/874] interactions/composer/with_text @ chromium-desktop-light fail
[507/874] interactions/composer/with_text @ chromium-desktop-dark fail
[508/874] interactions/composer/with_text @ chromium-phone-light fail
[509/874] interactions/composer/with_text @ chromium-phone-dark fail
[510/874] realtime/boosted @ chromium-desktop-light fail
[511/874] realtime/message_deleted @ chromium-phone-dark fail
[512/874] interactions/composer/with_text @ chromium-bp799-light fail
[513/874] interactions/composer/with_text @ chromium-bp799-dark fail
[514/874] realtime/boosted @ chromium-desktop-dark fail
[515/874] interactions/composer/with_text @ chromium-bp800-light fail
[516/874] interactions/composer/with_text @ chromium-bp800-dark fail
[517/874] interactions/composer/with_text @ chromium-bp801-light fail
[518/874] interactions/composer/with_text @ chromium-bp801-dark fail
[519/874] realtime/boosted @ chromium-phone-light fail
[520/874] realtime/boosted @ chromium-phone-dark fail
[521/874] realtime/boost_removed @ chromium-desktop-light fail
[522/874] interactions/composer/rich_text_toolbar @ chromium-desktop-light fail
[523/874] interactions/composer/rich_text_toolbar @ chromium-desktop-dark fail
[524/874] interactions/composer/attachment_preview @ chromium-desktop-light fail
[525/874] interactions/composer/attachment_preview @ chromium-desktop-dark fail
[526/874] realtime/boost_removed @ chromium-desktop-dark fail
[527/874] realtime/boost_removed @ chromium-phone-light fail
[528/874] interactions/composer/attachment_preview @ chromium-phone-dark fail
[529/874] interactions/composer/attachment_preview @ chromium-phone-light fail
[530/874] realtime/boost_removed @ chromium-phone-dark fail
[531/874] interactions/composer/attachment_preview_file @ chromium-desktop-light fail
[532/874] interactions/composer/attachment_preview_file @ chromium-desktop-dark fail
[533/874] realtime/typing/one @ chromium-desktop-light fail
[534/874] realtime/typing/one @ chromium-desktop-dark fail
[535/874] interactions/composer/attachment_preview_file @ chromium-phone-light fail
[536/874] interactions/composer/attachment_preview_file @ chromium-phone-dark fail
[537/874] realtime/typing/one @ chromium-phone-light fail
[538/874] interactions/composer/upload_in_progress @ chromium-desktop-light fail
[539/874] interactions/composer/upload_in_progress @ chromium-desktop-dark fail
[540/874] realtime/typing/one @ chromium-phone-dark fail
[541/874] interactions/composer/upload_in_progress @ chromium-phone-light fail
[542/874] interactions/composer/upload_in_progress @ chromium-phone-dark fail
[543/874] realtime/typing/many @ chromium-desktop-light fail
[544/874] realtime/typing/many @ chromium-desktop-dark fail
[545/874] interactions/mention_autocomplete/results @ chromium-desktop-light fail
[546/874] interactions/mention_autocomplete/results @ chromium-desktop-dark fail
[547/874] interactions/mention_autocomplete/results @ chromium-phone-dark fail
[548/874] interactions/mention_autocomplete/results @ chromium-phone-light fail
[549/874] realtime/typing/many @ chromium-phone-light fail
[550/874] realtime/typing/many @ chromium-phone-dark fail
[551/874] realtime/unread_in_sidebar @ chromium-desktop-light fail
[552/874] interactions/mention_autocomplete/all @ chromium-desktop-dark fail
[553/874] interactions/mention_autocomplete/all @ chromium-desktop-light fail
[554/874] interactions/mention_autocomplete/all @ chromium-phone-light fail
[555/874] interactions/mention_autocomplete/all @ chromium-phone-dark fail
[556/874] realtime/unread_in_sidebar @ chromium-desktop-dark fail
[557/874] interactions/mention_autocomplete/empty @ chromium-desktop-light fail
[558/874] interactions/mention_autocomplete/empty @ chromium-desktop-dark fail
[559/874] realtime/unread_in_sidebar @ chromium-phone-light fail
[560/874] realtime/unread_in_sidebar @ chromium-phone-dark fail
[561/874] interactions/mention_autocomplete/empty @ chromium-phone-light fail
[562/874] interactions/mention_autocomplete/empty @ chromium-phone-dark fail
[563/874] realtime/new_room_in_sidebar @ chromium-desktop-light fail
[564/874] interactions/mention_autocomplete/inserted @ chromium-desktop-dark fail
[565/874] interactions/mention_autocomplete/inserted @ chromium-desktop-light fail
[566/874] realtime/new_room_in_sidebar @ chromium-desktop-dark fail
[567/874] realtime/new_room_in_sidebar @ chromium-phone-light fail
[568/874] interactions/mention_autocomplete/inserted @ chromium-phone-light fail
[570/874] interactions/mention_autocomplete/inserted @ chromium-phone-dark fail
[572/874] realtime/new_room_in_sidebar @ chromium-phone-dark fail
[573/874] interactions/lightbox @ chromium-desktop-light fail
[574/874] interactions/lightbox @ chromium-desktop-dark fail
[575/874] interactions/lightbox @ chromium-phone-dark fail
[576/874] interactions/lightbox @ chromium-phone-light fail
[577/874] interactions/phone_sidebar @ chromium-phone-dark fail
[578/874] interactions/phone_sidebar @ chromium-phone-light fail
[579/874] interactions/translation_menu @ chromium-desktop-light fail
[580/874] interactions/translation_menu @ chromium-desktop-dark fail
[581/874] realtime/removed_from_room @ chromium-desktop-light fail
[582/874] realtime/removed_from_room @ chromium-desktop-dark fail
[583/874] interactions/translation_menu @ chromium-phone-light fail
[584/874] interactions/translation_menu @ chromium-phone-dark fail
[585/874] interactions/copy_link @ chromium-desktop-light fail
[586/874] interactions/copy_link @ chromium-desktop-dark fail
[587/874] realtime/removed_from_room @ chromium-phone-light fail
[588/874] interactions/copy_link @ chromium-phone-dark fail
[589/874] interactions/copy_link @ chromium-phone-light fail
[590/874] realtime/room_deleted_then_send @ chromium-desktop-light fail
[591/874] interactions/reply @ chromium-desktop-light fail
[592/874] interactions/reply @ chromium-desktop-dark fail
[593/874] interactions/reply @ chromium-phone-light fail
[594/874] interactions/reply @ chromium-phone-dark fail
[595/874] realtime/room_deleted_then_send @ chromium-desktop-dark fail
[596/874] interactions/flash_alert @ chromium-desktop-light fail
[597/874] interactions/flash_alert @ chromium-desktop-dark fail
[598/874] realtime/removed_from_room @ chromium-phone-dark fail
[599/874] realtime/room_deleted_then_send @ chromium-phone-light fail
[600/874] interactions/flash_alert @ chromium-phone-light fail
[601/874] interactions/flash_alert @ chromium-phone-dark fail
[602/874] interactions/sidebar/unread @ chromium-desktop-light fail
[603/874] interactions/sidebar/unread @ chromium-desktop-dark fail
[604/874] realtime/room_deleted_then_send @ chromium-phone-dark fail
[605/874] interactions/sidebar/unread @ chromium-phone-light fail
[606/874] realtime/presence_read @ chromium-desktop-light fail
[607/874] interactions/sidebar/unread @ chromium-phone-dark fail
[608/874] realtime/presence_read @ chromium-desktop-dark fail
[610/874] interactions/sidebar/new_ping @ chromium-desktop-light fail
[611/874] interactions/sidebar/new_ping @ chromium-desktop-dark fail
[613/874] realtime/presence_read @ chromium-phone-light fail
[614/874] realtime/presence_read @ chromium-phone-dark fail
[615/874] interactions/sidebar/new_ping/touch @ chromium-phone-light fail
[616/874] interactions/sidebar/new_ping/touch @ chromium-phone-dark fail
[617/874] interactions/notifications_help @ chromium-desktop-light fail
[618/874] interactions/pwa_install/default @ chromium-desktop-light fail
[619/874] interactions/notifications_help @ chromium-desktop-dark fail
[620/874] interactions/notifications_help @ chromium-phone-light fail
[621/874] interactions/notifications_help @ chromium-phone-dark fail
[622/874] interactions/pwa_install/default @ chromium-desktop-dark fail
[623/874] interactions/pwa_install/default @ chromium-phone-light fail
[624/874] interactions/pwa_install/default @ chromium-phone-dark fail
[625/874] pwa/install/safari_mac @ chromium-desktop-light fail
[626/874] pwa/install/safari_mac @ chromium-desktop-dark fail
[627/874] pwa/install/safari_mac @ chromium-phone-light fail
[628/874] pwa/install/safari_mac @ chromium-phone-dark fail
[629/874] pwa/install/safari_ios @ chromium-phone-light fail
[630/874] pwa/install/firefox_android @ chromium-phone-dark fail
[631/874] pwa/install/safari_ios @ chromium-phone-dark fail
[632/874] pwa/install/firefox_android @ chromium-phone-light fail
[633/874] pwa/install/opera_linux @ chromium-desktop-light fail
[634/874] pwa/install/opera_linux @ chromium-phone-light fail
[635/874] pwa/install/opera_linux @ chromium-phone-dark fail
[636/874] pwa/install/opera_linux @ chromium-desktop-dark fail
[637/874] pwa/install/absent_chrome @ chromium-desktop-light fail
[638/874] pwa/install/absent_chrome @ chromium-desktop-dark fail
[639/874] pwa/install/absent_firefox @ chromium-desktop-light fail
[640/874] pwa/install/absent_firefox @ chromium-desktop-dark fail
[641/874] pwa/install/absent_chrome @ chromium-phone-light fail
[642/874] pwa/install/absent_chrome @ chromium-phone-dark fail
[643/874] pwa/install/absent_firefox @ chromium-phone-light fail
[644/874] pwa/install/absent_firefox @ chromium-phone-dark fail
[645/874] pwa/notifications_help/chrome_mac @ chromium-phone-light fail
[646/874] pwa/notifications_help/chrome_mac @ chromium-desktop-light fail
[647/874] pwa/notifications_help/chrome_mac @ chromium-desktop-dark fail
[648/874] pwa/notifications_help/chrome_mac @ chromium-phone-dark fail
[649/874] pwa/notifications_help/chrome_windows @ chromium-desktop-light fail
[650/874] pwa/notifications_help/chrome_windows @ chromium-phone-light fail
[651/874] pwa/notifications_help/chrome_windows @ chromium-phone-dark fail
[652/874] pwa/notifications_help/chrome_windows @ chromium-desktop-dark fail
[653/874] pwa/notifications_help/chrome_android @ chromium-phone-light fail
[654/874] pwa/notifications_help/chrome_android @ chromium-phone-dark fail
[655/874] pwa/notifications_help/chrome_ios @ chromium-phone-dark fail
[656/874] pwa/notifications_help/chrome_ios @ chromium-phone-light fail
[657/874] pwa/notifications_help/safari_mac @ chromium-desktop-light fail
[658/874] pwa/notifications_help/safari_mac @ chromium-desktop-dark fail
[659/874] pwa/notifications_help/safari_mac @ chromium-phone-light fail
[660/874] pwa/notifications_help/safari_mac @ chromium-phone-dark fail
[661/874] pwa/notifications_help/safari_ios @ chromium-phone-light fail
[662/874] pwa/notifications_help/safari_ios @ chromium-phone-dark fail
[663/874] pwa/notifications_help/firefox_mac @ chromium-desktop-light fail
[664/874] pwa/notifications_help/firefox_mac @ chromium-desktop-dark fail
[665/874] pwa/notifications_help/firefox_mac @ chromium-phone-dark fail
[666/874] pwa/notifications_help/firefox_mac @ chromium-phone-light fail
[667/874] pwa/notifications_help/firefox_windows @ chromium-desktop-light fail
[668/874] pwa/notifications_help/firefox_windows @ chromium-desktop-dark fail
[669/874] pwa/notifications_help/firefox_windows @ chromium-phone-light fail
[670/874] pwa/notifications_help/firefox_windows @ chromium-phone-dark fail
[671/874] pwa/notifications_help/firefox_android @ chromium-phone-light fail
[672/874] pwa/notifications_help/firefox_android @ chromium-phone-dark fail
[675/874] pwa/notifications_help/opera_linux @ chromium-desktop-light fail
[676/874] pwa/notifications_help/opera_linux @ chromium-desktop-dark fail
[677/874] account/edit/admin @ chromium-desktop-light fail
[678/874] account/edit/admin @ chromium-desktop-dark fail
[679/874] pwa/notifications_help/opera_linux @ chromium-phone-light fail
[680/874] pwa/notifications_help/opera_linux @ chromium-phone-dark fail
[681/874] account/edit/admin @ chromium-phone-light fail
[682/874] account/edit/admin @ chromium-phone-dark fail
[683/874] account/edit/admin @ chromium-bp799-light fail
[684/874] account/edit/admin @ chromium-bp799-dark fail
[685/874] account/edit/admin @ chromium-bp800-light fail
[686/874] account/edit/admin @ chromium-bp800-dark fail
[687/874] account/edit/admin @ chromium-bp801-light fail
[688/874] account/edit/admin @ chromium-bp801-dark fail
[689/874] account/edit/member @ chromium-desktop-light fail
[690/874] account/edit/member @ chromium-desktop-dark fail
[691/874] account/edit/member @ chromium-phone-light fail
[692/874] account/edit/member @ chromium-phone-dark fail
[693/874] account/bots @ chromium-desktop-light fail
[694/874] account/bots @ chromium-desktop-dark fail
[695/874] account/bots @ chromium-phone-light fail
[696/874] account/bots @ chromium-phone-dark fail
[697/874] account/bots/new @ chromium-desktop-light fail
[698/874] account/bots/new @ chromium-desktop-dark fail
[699/874] account/bots/edit/with_webhook @ chromium-desktop-light fail
[700/874] account/bots/new @ chromium-phone-dark fail
[701/874] account/bots/new @ chromium-phone-light fail
[702/874] account/bots/edit/with_webhook @ chromium-desktop-dark fail
[703/874] account/bots/edit/with_avatar @ chromium-desktop-dark fail
[704/874] account/bots/edit/with_avatar @ chromium-desktop-light fail
[705/874] account/bots/edit/with_webhook @ chromium-phone-light fail
[706/874] account/bots/edit/with_webhook @ chromium-phone-dark fail
[707/874] account/bots/edit/with_avatar @ chromium-phone-light fail
[708/874] account/custom_styles/empty @ chromium-desktop-dark fail
[709/874] account/custom_styles/empty @ chromium-desktop-light fail
[710/874] account/bots/edit/with_avatar @ chromium-phone-dark fail
[711/874] account/custom_styles/empty @ chromium-phone-light fail
[712/874] account/custom_styles/empty @ chromium-phone-dark fail
[713/874] rooms/opens/new @ chromium-desktop-dark fail
[714/874] rooms/opens/new @ chromium-desktop-light fail
[715/874] rooms/opens/new @ chromium-phone-dark fail
[716/874] rooms/opens/new @ chromium-phone-light fail
[717/874] rooms/opens/new @ chromium-bp799-light fail
[718/874] rooms/opens/new @ chromium-bp799-dark fail
[719/874] rooms/opens/new @ chromium-bp800-dark fail
[720/874] rooms/opens/new @ chromium-bp800-light fail
[721/874] rooms/opens/new @ chromium-bp801-light fail
[722/874] rooms/opens/new @ chromium-bp801-dark fail
[723/874] rooms/opens/new/member @ chromium-desktop-light fail
[724/874] rooms/opens/new/member @ chromium-phone-dark fail
[725/874] rooms/opens/new/member @ chromium-desktop-dark fail
[726/874] rooms/opens/new/member @ chromium-phone-light fail
[727/874] rooms/opens/edit/admin @ chromium-desktop-light fail
[728/874] rooms/opens/edit/admin @ chromium-desktop-dark fail
[729/874] rooms/opens/edit/admin @ chromium-phone-light fail
[730/874] rooms/opens/edit/admin @ chromium-phone-dark fail
[731/874] rooms/opens/edit/member @ chromium-desktop-light fail
[732/874] rooms/opens/edit/member @ chromium-desktop-dark fail
[733/874] rooms/closeds/new @ chromium-desktop-light fail
[734/874] rooms/closeds/new @ chromium-desktop-dark fail
[735/874] rooms/opens/edit/member @ chromium-phone-light fail
[736/874] rooms/opens/edit/member @ chromium-phone-dark fail
[737/874] rooms/closeds/new @ chromium-phone-light fail
[738/874] rooms/closeds/edit/admin @ chromium-desktop-light fail
[739/874] rooms/closeds/new @ chromium-phone-dark fail
[740/874] rooms/closeds/edit/admin @ chromium-desktop-dark fail
[741/874] rooms/closeds/edit/admin @ chromium-phone-light fail
[742/874] rooms/closeds/edit/admin @ chromium-phone-dark fail
[743/874] rooms/closeds/edit/member @ chromium-desktop-light fail
[744/874] rooms/closeds/edit/member @ chromium-desktop-dark fail
[745/874] rooms/closeds/edit/member @ chromium-phone-dark fail
[746/874] rooms/closeds/edit/member @ chromium-phone-light fail
[747/874] rooms/closeds/edit/member_creator @ chromium-desktop-light fail
[748/874] rooms/closeds/edit/member_creator @ chromium-desktop-dark fail
[749/874] rooms/closeds/edit/from_open @ chromium-desktop-light fail
[750/874] rooms/closeds/edit/member_creator @ chromium-phone-light fail
[751/874] rooms/closeds/edit/member_creator @ chromium-phone-dark fail
[752/874] rooms/closeds/edit/from_open @ chromium-desktop-dark fail
[753/874] rooms/opens/edit/from_closed @ chromium-desktop-dark fail
[754/874] rooms/closeds/edit/from_open @ chromium-phone-dark fail
[755/874] rooms/opens/edit/from_closed @ chromium-desktop-light fail
[756/874] rooms/closeds/edit/from_open @ chromium-phone-light fail
[757/874] rooms/opens/edit/from_closed @ chromium-phone-light fail
[758/874] rooms/directs/edit @ chromium-desktop-light fail
[759/874] rooms/directs/edit @ chromium-phone-light fail
[760/874] rooms/opens/edit/from_closed @ chromium-phone-dark fail
[761/874] rooms/directs/edit @ chromium-desktop-dark fail
[762/874] rooms/directs/edit @ chromium-phone-dark fail
[763/874] rooms/directs/edit/group @ chromium-desktop-light fail
[764/874] rooms/directs/edit/group @ chromium-desktop-dark fail
[765/874] rooms/directs/edit/group @ chromium-phone-dark fail
[766/874] rooms/directs/edit/group @ chromium-phone-light fail
[767/874] rooms/directs/new @ chromium-desktop-light fail
[768/874] rooms/directs/new @ chromium-desktop-dark fail
[769/874] rooms/directs/new @ chromium-phone-dark fail
[770/874] users/profile @ chromium-desktop-light fail
[771/874] rooms/directs/new @ chromium-phone-light fail
[772/874] users/profile @ chromium-desktop-dark fail
[773/874] users/profile @ chromium-bp799-dark fail
[774/874] users/profile @ chromium-bp799-light fail
[775/874] users/profile @ chromium-phone-dark fail
[776/874] users/profile @ chromium-phone-light fail
[777/874] users/profile @ chromium-bp800-light fail
[778/874] users/profile @ chromium-bp801-light fail
[779/874] users/profile @ chromium-bp800-dark fail
[780/874] users/profile @ chromium-bp801-dark fail
[781/874] users/profile/with_avatar @ chromium-desktop-light fail
[782/874] users/profile/with_avatar @ chromium-desktop-dark fail
[783/874] users/profile/member @ chromium-desktop-light fail
[784/874] users/profile/member @ chromium-desktop-dark fail
[785/874] users/profile/with_avatar @ chromium-phone-light fail
[786/874] users/profile/with_avatar @ chromium-phone-dark fail
[787/874] users/profile/member @ chromium-phone-light fail
[788/874] users/show/self @ chromium-desktop-light fail
[789/874] users/show/self @ chromium-desktop-dark fail
[790/874] users/profile/member @ chromium-phone-dark fail
[791/874] users/show/self @ chromium-phone-light fail
[792/874] users/show/self @ chromium-phone-dark fail
[793/874] users/show/self @ chromium-bp799-light fail
[794/874] users/show/self @ chromium-bp799-dark fail
[795/874] users/show/self @ chromium-bp800-dark fail
[796/874] users/show/self @ chromium-bp800-light fail
[797/874] users/show/self @ chromium-bp801-light fail
[798/874] users/show/self @ chromium-bp801-dark fail
[799/874] users/show/admin_viewing_member @ chromium-desktop-light fail
[800/874] users/show/admin_viewing_member @ chromium-desktop-dark fail
[801/874] users/show/admin_viewing_member @ chromium-phone-light fail
[802/874] users/show/admin_viewing_member @ chromium-phone-dark fail
[803/874] users/show/member_viewing_admin @ chromium-desktop-light fail
[804/874] users/show/member_viewing_admin @ chromium-desktop-dark fail
[805/874] users/show/member_viewing_admin @ chromium-phone-light fail
[806/874] users/show/member_viewing_admin @ chromium-phone-dark fail
[807/874] users/show/with_avatar @ chromium-desktop-light fail
[808/874] users/show/with_avatar @ chromium-desktop-dark fail
[809/874] users/show/bot @ chromium-desktop-light fail
[810/874] users/show/with_avatar @ chromium-phone-light fail
[811/874] users/show/with_avatar @ chromium-phone-dark fail
[812/874] users/show/bot @ chromium-desktop-dark fail
[813/874] users/show/bot @ chromium-phone-light fail
[814/874] users/show/bot_deactivated @ chromium-desktop-light fail
[815/874] users/show/bot @ chromium-phone-dark fail
[816/874] users/show/bot_deactivated @ chromium-desktop-dark fail
[817/874] users/show/bot_deactivated @ chromium-phone-light fail
[818/874] users/show/bot_deactivated @ chromium-phone-dark fail
[819/874] users/show/deactivated @ chromium-desktop-dark fail
[820/874] users/show/deactivated @ chromium-desktop-light fail
[821/874] users/show/deactivated @ chromium-phone-light fail
[822/874] users/show/deactivated @ chromium-phone-dark fail
[825/874] users/show/banned @ chromium-desktop-light fail
[826/874] users/show/banned @ chromium-desktop-dark fail
[827/874] users/show/banned @ chromium-phone-light fail
[828/874] users/show/banned @ chromium-phone-dark fail
[829/874] users/push_subscriptions @ chromium-desktop-light fail
[830/874] users/push_subscriptions @ chromium-desktop-dark fail
[831/874] users/push_subscriptions @ chromium-phone-light fail
[832/874] users/push_subscriptions @ chromium-phone-dark fail
[833/874] users/push_subscriptions/none @ chromium-desktop-light fail
[834/874] users/push_subscriptions/none @ chromium-desktop-dark fail
[835/874] users/push_subscriptions/none @ chromium-phone-light fail
[836/874] search/empty @ chromium-desktop-light fail
[837/874] search/empty @ chromium-desktop-dark fail
[838/874] users/push_subscriptions/none @ chromium-phone-dark fail
[839/874] search/empty @ chromium-phone-light fail
[840/874] search/empty @ chromium-phone-dark fail
[841/874] search/recent @ chromium-desktop-dark fail
[842/874] search/recent @ chromium-desktop-light fail
[843/874] search/recent @ chromium-phone-light fail
[844/874] search/recent @ chromium-phone-dark fail
[845/874] search/results @ chromium-desktop-light fail
[846/874] search/results @ chromium-desktop-dark fail
[847/874] search/results @ chromium-phone-dark fail
[848/874] search/results @ chromium-phone-light fail
[849/874] search/results @ chromium-bp799-light fail
[850/874] search/results @ chromium-bp799-dark fail
[851/874] search/results @ chromium-bp800-light fail
[852/874] search/results @ chromium-bp800-dark fail
[853/874] search/results @ chromium-bp801-light fail
[854/874] search/results @ chromium-bp801-dark fail
[855/874] search/results/many @ chromium-desktop-light fail
[856/874] search/results/many @ chromium-phone-light fail
[857/874] search/results/many @ chromium-phone-dark fail
[858/874] search/results/many @ chromium-desktop-dark fail
[859/874] search/no_results @ chromium-desktop-light fail
[860/874] search/no_results @ chromium-desktop-dark fail
[861/874] search/no_results @ chromium-phone-dark fail
[862/874] search/no_results @ chromium-phone-light fail
[863/874] welcome/no_rooms @ chromium-desktop-light fail
[864/874] welcome/no_rooms @ chromium-desktop-dark fail
[865/874] welcome/no_rooms @ chromium-phone-light fail
[866/874] welcome/no_rooms @ chromium-bp799-light fail
[867/874] welcome/no_rooms @ chromium-phone-dark fail
[868/874] welcome/no_rooms @ chromium-bp799-dark fail
[871/874] welcome/no_rooms @ chromium-bp800-light fail
[872/874] welcome/no_rooms @ chromium-bp800-dark fail
[873/874] welcome/no_rooms @ chromium-bp801-light fail
[874/874] welcome/no_rooms @ chromium-bp801-dark fail
874 cells: 14 pass (0 flaky), 860 fail, 0 allowed, 0 error in 2989.8s
report: /opt/campfire-bench/once-campfire-rust-symfony/parity/out/full1/default/report.html
