candidate: reference :4111 vs symfony candidate :4112 (seed first_run, clock frozen at 2026-03-02T16:00:00Z)
breakpoint widths: {"chromium":[799,800,801],"firefox":[960,961],"webkit":[959,960]}
16 cells (12 on shared servers, 4 on fresh servers in 3 slots) × 2 targets, 5 workers
[1/16] auth/first_run @ chromium-desktop-dark fail
[2/16] auth/first_run @ chromium-desktop-light fail
[3/16] auth/first_run @ chromium-phone-light fail
[4/16] auth/first_run @ chromium-phone-dark fail
[5/16] auth/first_run/completed @ chromium-phone-light fail
[6/16] auth/first_run/completed @ chromium-desktop-dark fail
[7/16] auth/first_run/completed @ chromium-desktop-light fail
[8/16] auth/first_run/from_sign_in @ chromium-desktop-light fail
[9/16] auth/first_run/from_sign_in @ chromium-desktop-dark fail
[10/16] auth/first_run/from_sign_in @ chromium-phone-light fail
[11/16] auth/first_run/from_sign_in @ chromium-phone-dark fail
[12/16] auth/first_run/filled @ chromium-desktop-dark fail
[13/16] auth/first_run/filled @ chromium-desktop-light fail
[14/16] auth/first_run/filled @ chromium-phone-light fail
[15/16] auth/first_run/filled @ chromium-phone-dark fail
[16/16] auth/first_run/completed @ chromium-phone-dark fail
16 cells: 0 pass (0 flaky), 16 fail, 0 allowed, 0 error in 51.9s
report: /opt/campfire-bench/once-campfire-rust-symfony/parity/out/full1/first_run/report.html
