20:49:04 laravel-frankenphp-classic rep 1 start:  20:49:04 up 1 day,  2:41,  0 users,  load average: 1.06, 0.84, 2.25
20:55:28 laravel-frankenphp-classic rep 1 end:    20:55:28 up 1 day,  2:47,  0 users,  load average: 2.61, 3.13, 2.95
20:55:28 laravel-frankenphp rep 1 start:  20:55:28 up 1 day,  2:47,  0 users,  load average: 2.61, 3.13, 2.95
21:02:58 laravel-frankenphp rep 1 end:    21:02:58 up 1 day,  2:55,  0 users,  load average: 2.51, 3.65, 3.36
21:02:58 symfony-classic rep 1 start:  21:02:58 up 1 day,  2:55,  0 users,  load average: 2.51, 3.65, 3.36
21:08:14 symfony-classic rep 1 end:    21:08:14 up 1 day,  3:00,  0 users,  load average: 5.62, 4.67, 3.84
21:08:14 symfony rep 1 start:  21:08:14 up 1 day,  3:00,  0 users,  load average: 5.62, 4.67, 3.84
21:14:15 symfony rep 1 end:    21:14:15 up 1 day,  3:06,  0 users,  load average: 5.37, 4.88, 4.12
21:14:15 symfony rep 2 start:  21:14:15 up 1 day,  3:06,  0 users,  load average: 5.37, 4.88, 4.12
21:20:24 symfony rep 2 end:    21:20:24 up 1 day,  3:12,  0 users,  load average: 4.53, 4.67, 4.19
21:20:24 symfony-classic rep 2 start:  21:20:24 up 1 day,  3:12,  0 users,  load average: 4.53, 4.67, 4.19
21:26:10 symfony-classic rep 2 end:    21:26:10 up 1 day,  3:18,  0 users,  load average: 5.82, 4.97, 4.37
21:26:10 laravel-frankenphp rep 2 start:  21:26:10 up 1 day,  3:18,  0 users,  load average: 5.82, 4.97, 4.37
21:34:30 laravel-frankenphp rep 2 end:    21:34:30 up 1 day,  3:26,  0 users,  load average: 3.04, 4.16, 4.20
21:34:30 laravel-frankenphp-classic rep 2 start:  21:34:30 up 1 day,  3:26,  0 users,  load average: 3.04, 4.16, 4.20
21:41:45 laravel-frankenphp-classic rep 2 end:    21:41:45 up 1 day,  3:33,  0 users,  load average: 3.04, 4.10, 4.18
21:41:45 laravel-frankenphp-classic rep 3 start:  21:41:45 up 1 day,  3:33,  0 users,  load average: 3.04, 4.10, 4.18
21:49:00 laravel-frankenphp-classic rep 3 end:    21:49:00 up 1 day,  3:41,  0 users,  load average: 2.91, 3.93, 4.09
21:49:00 laravel-frankenphp rep 3 start:  21:49:00 up 1 day,  3:41,  0 users,  load average: 2.91, 3.93, 4.09
21:56:31 laravel-frankenphp rep 3 end:    21:56:31 up 1 day,  3:48,  0 users,  load average: 2.81, 3.80, 4.01
21:56:31 symfony-classic rep 3 start:  21:56:31 up 1 day,  3:48,  0 users,  load average: 2.81, 3.80, 4.01
22:01:47 symfony-classic rep 3 end:    22:01:47 up 1 day,  3:53,  0 users,  load average: 6.45, 4.84, 4.32
22:01:47 symfony rep 3 start:  22:01:47 up 1 day,  3:53,  0 users,  load average: 6.45, 4.84, 4.32
22:07:58 symfony rep 3 end:    22:07:58 up 1 day,  4:00,  0 users,  load average: 4.33, 4.61, 4.30
22:07:58 symfony rep 4 start:  22:07:58 up 1 day,  4:00,  0 users,  load average: 4.33, 4.61, 4.30
22:13:47 symfony rep 4 end:    22:13:47 up 1 day,  4:05,  0 users,  load average: 5.46, 4.83, 4.41
22:13:47 symfony-classic rep 4 start:  22:13:47 up 1 day,  4:05,  0 users,  load average: 5.46, 4.83, 4.41
22:19:43 symfony-classic rep 4 end:    22:19:43 up 1 day,  4:11,  0 users,  load average: 5.90, 4.94, 4.47
22:19:43 laravel-frankenphp rep 4 start:  22:19:43 up 1 day,  4:11,  0 users,  load average: 5.90, 4.94, 4.47
22:28:06 laravel-frankenphp rep 4 end:    22:28:06 up 1 day,  4:20,  0 users,  load average: 2.94, 4.05, 4.20
22:28:06 laravel-frankenphp-classic rep 4 start:  22:28:06 up 1 day,  4:20,  0 users,  load average: 2.94, 4.05, 4.20
22:35:20 laravel-frankenphp-classic rep 4 end:    22:35:20 up 1 day,  4:27,  0 users,  load average: 2.74, 3.84, 4.06
22:35:20 laravel-frankenphp-classic rep 5 start:  22:35:20 up 1 day,  4:27,  0 users,  load average: 2.74, 3.84, 4.06
22:42:25 laravel-frankenphp-classic rep 5 end:    22:42:25 up 1 day,  4:34,  0 users,  load average: 3.07, 4.12, 4.17
22:42:25 laravel-frankenphp rep 5 start:  22:42:25 up 1 day,  4:34,  0 users,  load average: 3.07, 4.12, 4.17
22:50:05 laravel-frankenphp rep 5 end:    22:50:05 up 1 day,  4:42,  0 users,  load average: 2.96, 3.91, 4.10
22:50:05 symfony-classic rep 5 start:  22:50:05 up 1 day,  4:42,  0 users,  load average: 2.96, 3.91, 4.10
22:55:31 symfony-classic rep 5 end:    22:55:31 up 1 day,  4:47,  0 users,  load average: 5.76, 4.78, 4.35
22:55:31 symfony rep 5 start:  22:55:31 up 1 day,  4:47,  0 users,  load average: 5.76, 4.78, 4.35
23:01:41 symfony rep 5 end:    23:01:41 up 1 day,  4:53,  0 users,  load average: 4.20, 4.35, 4.20
