2026/10/06 23:53:28 INFO request method=GET path=/cable duration=22.328375925s
2026/10/06 23:53:28 INFO request method=GET path=/cable duration=22.327224758s
2026/10/06 23:53:28 INFO request method=GET path=/cable duration=22.327805592s
2026/10/06 23:53:28 INFO request method=GET path=/cable duration=22.333373885s
2026/10/06 23:53:28 INFO request method=GET path=/cable duration=22.333002843s
2026/10/06 23:53:28 INFO request method=GET path=/cable duration=22.393290571s
2026/10/06 23:53:28 INFO request method=GET path=/cable duration=22.328598551s
2026/10/06 23:53:28 INFO request method=GET path=/cable duration=22.392748322s
2026/10/06 23:53:28 INFO request method=GET path=/cable duration=22.368411856s
2026/10/06 23:53:28 INFO request method=GET path=/cable duration=22.378590984s
2026/10/06 23:53:28 INFO request method=GET path=/cable duration=22.354834934s
2026/10/06 23:53:28 INFO request method=GET path=/cable duration=22.334364135s
2026/10/06 23:53:28 INFO request method=GET path=/cable duration=22.359864394s
2026/10/06 23:53:28 INFO request method=GET path=/cable duration=22.393373821s
2026/10/06 23:53:28 INFO request method=GET path=/cable duration=22.328903842s
2026/10/06 23:53:28 INFO request method=GET path=/cable duration=22.359815686s
2026/10/06 23:53:28 INFO request method=GET path=/cable duration=22.321801798s
2026/10/06 23:53:28 INFO request method=GET path=/cable duration=22.338963512s
2026/10/06 23:53:28 INFO request method=GET path=/cable duration=22.359397477s
2026/10/06 23:53:28 INFO request method=GET path=/cable duration=22.377154483s
2026/10/06 23:53:28 INFO request method=GET path=/cable duration=22.370971732s
2026/10/06 23:53:28 INFO request method=GET path=/cable duration=22.33453572s
2026/10/06 23:53:28 INFO request method=GET path=/cable duration=22.37735915s
2026/10/06 23:53:28 INFO request method=GET path=/cable duration=22.385942445s
2026/10/06 23:53:28 INFO request method=GET path=/cable duration=22.363748604s
2026/10/06 23:53:28 INFO request method=GET path=/cable duration=22.378078817s
2026/10/06 23:53:28 INFO request method=GET path=/cable duration=22.327480342s
2026/10/06 23:53:28 INFO request method=GET path=/cable duration=22.377866817s
2026/10/06 23:53:28 INFO request method=GET path=/cable duration=22.33599147s
2026/10/06 23:53:28 INFO request method=GET path=/cable duration=22.3786919s
2026/10/06 23:53:28 INFO request method=GET path=/cable duration=22.377460358s
2026/10/06 23:53:28 INFO request method=GET path=/cable duration=22.3758889s
2026/10/06 23:53:28 INFO request method=GET path=/cable duration=22.336354011s
2026/10/06 23:53:28 INFO request method=GET path=/cable duration=22.377290816s
2026/10/06 23:53:28 INFO request method=GET path=/cable duration=22.371267065s
2026/10/06 23:53:28 INFO request method=GET path=/cable duration=22.328587967s
2026/10/06 23:53:28 INFO request method=GET path=/cable duration=22.339248887s
2026/10/06 23:53:28 INFO request method=GET path=/cable duration=22.393495697s
2026/10/06 23:53:28 INFO request method=GET path=/cable duration=22.378783484s
2026/10/06 23:53:28 INFO request method=GET path=/cable duration=22.34863064s
2026/10/06 23:53:28 INFO request method=GET path=/cable duration=22.372263815s
2026/10/06 23:53:28 INFO request method=GET path=/cable duration=22.394246239s
2026/10/06 23:53:28 INFO request method=GET path=/cable duration=22.336128428s
2026/10/06 23:53:28 INFO request method=GET path=/cable duration=22.321951382s
2026/10/06 23:53:28 INFO request method=GET path=/cable duration=22.328760383s
2026/10/06 23:53:28 INFO request method=GET path=/cable duration=22.359331144s
2026/10/06 23:53:28 INFO request method=GET path=/cable duration=22.377579525s
2026/10/06 23:53:28 INFO request method=GET path=/cable duration=22.335249386s
2026/10/06 23:53:28 INFO request method=GET path=/cable duration=22.323079341s
2026/10/06 23:53:28 INFO request method=GET path=/cable duration=22.321885132s
2026/10/06 23:53:28 INFO request method=GET path=/cable duration=22.339953554s
2026/10/06 23:53:28 INFO request method=GET path=/cable duration=22.373029482s
2026/10/06 23:53:28 INFO request method=GET path=/cable duration=22.355492643s
2026/10/06 23:53:28 INFO request method=GET path=/cable duration=22.355748143s
2026/10/06 23:53:28 INFO request method=GET path=/cable duration=22.382821569s
2026/10/06 23:53:28 INFO request method=GET path=/cable duration=22.378335317s
2026/10/06 23:53:28 INFO request method=GET path=/cable duration=22.349040557s
2026/10/06 23:53:28 INFO request method=GET path=/cable duration=22.393566114s
2026/10/06 23:53:28 INFO request method=GET path=/cable duration=22.322641049s
2026/10/06 23:53:28 INFO request method=GET path=/cable duration=22.3281773s
2026/10/06 23:53:28 INFO request method=GET path=/cable duration=22.339310179s
2026/10/06 23:53:28 INFO request method=GET path=/cable duration=22.382106985s
2026/10/06 23:53:28 INFO request method=GET path=/cable duration=22.392057655s
2026/10/06 23:53:28 INFO request method=GET path=/cable duration=22.328995217s
2026/10/06 23:53:28 INFO request method=GET path=/cable duration=22.334543011s
2026/10/06 23:53:28 INFO request method=GET path=/cable duration=22.383374194s
2026/10/06 23:53:28 INFO request method=GET path=/cable duration=22.342177972s
2026/10/06 23:53:28 INFO request method=GET path=/cable duration=22.335554553s
2026/10/06 23:53:28 INFO request method=GET path=/cable duration=22.329206843s
2026/10/06 23:53:28 INFO request method=GET path=/cable duration=22.32826405s
2026/10/06 23:53:28 INFO request method=GET path=/cable duration=22.387368903s
2026/10/06 23:53:28 INFO request method=GET path=/cable duration=22.3783084s
2026/10/06 23:53:28 INFO request method=GET path=/cable duration=22.376860859s
2026/10/06 23:53:28 INFO request method=GET path=/cable duration=22.389656695s
2026/10/06 23:53:28 INFO request method=GET path=/cable duration=22.360124728s
2026/10/06 23:53:28 INFO request method=GET path=/cable duration=22.334629178s
2026/10/06 23:53:28 INFO request method=GET path=/cable duration=22.340455346s
2026/10/06 23:53:28 INFO request method=GET path=/cable duration=22.351052766s
2026/10/06 23:53:28 INFO request method=GET path=/cable duration=22.366256438s
2026/10/06 23:53:28 INFO request method=GET path=/cable duration=22.394107031s
2026/10/06 23:53:28 INFO request method=GET path=/cable duration=22.392323988s
2026/10/06 23:53:28 INFO request method=GET path=/cable duration=22.390129404s
2026/10/06 23:53:28 INFO request method=GET path=/cable duration=22.356435476s
2026/10/06 23:53:28 INFO request method=GET path=/cable duration=22.327801842s
2026/10/06 23:53:28 INFO request method=GET path=/cable duration=22.329379634s
2026/10/06 23:53:28 INFO request method=GET path=/cable duration=22.366494021s
2026/10/06 23:53:28 INFO request method=GET path=/cable duration=22.374575024s
2026/10/06 23:53:28 INFO request method=GET path=/cable duration=22.323395257s
2026/10/06 23:53:28 INFO request method=GET path=/cable duration=22.336124178s
2026/10/06 23:53:28 INFO request method=GET path=/cable duration=22.356764518s
2026/10/06 23:53:28 INFO request method=GET path=/cable duration=22.340977846s
2026/10/06 23:53:28 INFO request method=GET path=/cable duration=22.341678763s
2026/10/06 23:53:28 INFO request method=GET path=/cable duration=22.329393342s
2026/10/06 23:53:28 INFO request method=GET path=/cable duration=22.364600812s
2026/10/06 23:53:28 INFO request method=GET path=/cable duration=22.366702646s
2026/10/06 23:53:28 INFO request method=GET path=/cable duration=22.380230484s
2026/10/06 23:53:28 INFO request method=GET path=/cable duration=22.329905592s
2026/10/06 23:53:28 INFO request method=GET path=/cable duration=22.356974934s
2026/10/06 23:53:28 INFO request method=GET path=/cable duration=22.380078443s
2026/10/06 23:53:28 INFO request method=GET path=/cable duration=22.379868234s
2026/10/06 23:53:28 INFO request method=GET path=/cable duration=22.330815468s
2026/10/06 23:53:28 INFO request method=GET path=/cable duration=22.361211936s
2026/10/06 23:53:28 INFO request method=GET path=/cable duration=22.361090686s
2026/10/06 23:53:28 INFO request method=GET path=/cable duration=22.329839092s
2026/10/06 23:53:28 INFO request method=GET path=/cable duration=22.361950311s
2026/10/06 23:53:28 INFO request method=GET path=/cable duration=22.32329159s
2026/10/06 23:53:28 INFO request method=GET path=/cable duration=22.335964928s
2026/10/06 23:53:28 INFO request method=GET path=/cable duration=22.398373449s
2026/10/06 23:53:28 INFO request method=GET path=/cable duration=22.340158762s
2026/10/06 23:53:28 INFO request method=GET path=/cable duration=22.378111317s
2026/10/06 23:53:28 INFO request method=GET path=/cable duration=22.360616478s
2026/10/06 23:53:28 INFO request method=GET path=/cable duration=22.390496487s
2026/10/06 23:53:28 INFO request method=GET path=/cable duration=22.361984186s
2026/10/06 23:53:28 INFO request method=GET path=/cable duration=22.380831026s
2026/10/06 23:53:28 INFO request method=GET path=/cable duration=22.350434641s
2026/10/06 23:53:28 INFO request method=GET path=/cable duration=22.364548604s
2026/10/06 23:53:28 INFO request method=GET path=/cable duration=22.381104818s
2026/10/06 23:53:28 INFO request method=GET path=/cable duration=22.360550145s
2026/10/06 23:53:28 INFO request method=GET path=/cable duration=22.342159097s
2026/10/06 23:53:28 INFO request method=GET path=/cable duration=22.336905345s
2026/10/06 23:53:28 INFO request method=GET path=/cable duration=22.382204318s
2026/10/06 23:53:28 INFO request method=GET path=/cable duration=22.329245134s
2026/10/06 23:53:28 INFO request method=GET path=/cable duration=22.330589343s
2026/10/06 23:53:28 INFO request method=GET path=/cable duration=22.338139262s
2026/10/06 23:53:28 INFO request method=GET path=/cable duration=22.329535135s
2026/10/06 23:53:28 INFO request method=GET path=/cable duration=22.394765697s
2026/10/06 23:53:28 INFO request method=GET path=/cable duration=22.338761262s
2026/10/06 23:53:28 INFO request method=GET path=/cable duration=22.357368518s
2026/10/06 23:53:28 INFO request method=GET path=/cable duration=22.330256593s
2026/10/06 23:53:28 INFO request method=GET path=/cable duration=22.380554568s
2026/10/06 23:53:28 INFO request method=GET path=/cable duration=22.380031067s
2026/10/06 23:53:28 INFO request method=GET path=/cable duration=22.380235151s
2026/10/06 23:53:28 INFO request method=GET path=/cable duration=22.396654073s
2026/10/06 23:53:28 INFO request method=GET path=/cable duration=22.391133738s
2026/10/06 23:53:28 INFO request method=GET path=/cable duration=22.384951902s
2026/10/06 23:53:28 INFO request method=GET path=/cable duration=22.380570984s
2026/10/06 23:53:28 INFO request method=GET path=/cable duration=22.342464138s
2026/10/06 23:53:28 INFO request method=GET path=/cable duration=22.330390718s
2026/10/06 23:53:28 INFO request method=GET path=/cable duration=22.339335095s
2026/10/06 23:53:28 INFO request method=GET path=/cable duration=22.382488777s
2026/10/06 23:53:28 INFO request method=GET path=/cable duration=22.393675822s
2026/10/06 23:53:28 INFO request method=GET path=/cable duration=22.351575725s
2026/10/06 23:53:28 INFO request method=GET path=/cable duration=22.362654853s
2026/10/06 23:53:28 INFO request method=GET path=/cable duration=22.330746884s
2026/10/06 23:53:28 INFO request method=GET path=/cable duration=22.338542345s
2026/10/06 23:53:28 INFO request method=GET path=/cable duration=22.367257605s
2026/10/06 23:53:28 INFO request method=GET path=/cable duration=22.324546674s
2026/10/06 23:53:28 INFO request method=GET path=/cable duration=22.391325279s
2026/10/06 23:53:28 INFO request method=GET path=/cable duration=22.380578443s
2026/10/06 23:53:28 INFO request method=GET path=/cable duration=22.352161433s
2026/10/06 23:53:28 INFO request method=GET path=/cable duration=22.361353645s
2026/10/06 23:53:28 INFO request method=GET path=/cable duration=22.336520179s
2026/10/06 23:53:28 INFO request method=GET path=/cable duration=22.324520258s
2026/10/06 23:53:28 INFO request method=GET path=/cable duration=22.397846657s
2026/10/06 23:53:28 INFO request method=GET path=/cable duration=22.365850188s
2026/10/06 23:53:28 INFO request method=GET path=/cable duration=22.36671673s
2026/10/06 23:53:28 INFO request method=GET path=/cable duration=22.357118518s
2026/10/06 23:53:28 INFO request method=GET path=/cable duration=22.33044751s
2026/10/06 23:53:28 INFO request method=GET path=/cable duration=22.375792067s
2026/10/06 23:53:28 INFO request method=GET path=/cable duration=22.380314818s
2026/10/06 23:53:28 INFO request method=GET path=/cable duration=22.38157961s
2026/10/06 23:53:28 INFO request method=GET path=/cable duration=22.368038605s
2026/10/06 23:53:28 INFO request method=GET path=/cable duration=22.324693174s
2026/10/06 23:53:28 INFO request method=GET path=/cable duration=22.339369179s
2026/10/06 23:53:28 INFO request method=GET path=/cable duration=22.393545697s
2026/10/06 23:53:28 INFO request method=GET path=/cable duration=22.341952971s
2026/10/06 23:53:28 INFO request method=GET path=/cable duration=22.383970611s
2026/10/06 23:53:28 INFO request method=GET path=/cable duration=22.367908147s
2026/10/06 23:53:28 INFO request method=GET path=/cable duration=22.397036823s
2026/10/06 23:53:28 INFO request method=GET path=/cable duration=22.325113466s
2026/10/06 23:53:28 INFO request method=GET path=/cable duration=22.394168864s
2026/10/06 23:53:28 INFO request method=GET path=/cable duration=22.376294775s
2026/10/06 23:53:28 INFO request method=GET path=/cable duration=22.366738938s
2026/10/06 23:53:28 INFO request method=GET path=/cable duration=22.355877684s
2026/10/06 23:53:28 INFO request method=GET path=/cable duration=22.376050941s
2026/10/06 23:53:28 INFO request method=GET path=/cable duration=22.339914888s
2026/10/06 23:53:28 INFO request method=GET path=/cable duration=22.363586603s
2026/10/06 23:53:28 INFO request method=GET path=/cable duration=22.331042968s
2026/10/06 23:53:28 INFO request method=GET path=/cable duration=22.325645299s
2026/10/06 23:53:28 INFO request method=GET path=/cable duration=22.337993928s
2026/10/06 23:53:28 INFO request method=GET path=/cable duration=22.35775381s
2026/10/06 23:53:28 INFO request method=GET path=/cable duration=22.366533605s
2026/10/06 23:53:28 INFO request method=GET path=/cable duration=22.358752268s
2026/10/06 23:53:28 INFO request method=GET path=/cable duration=22.363770771s
2026/10/06 23:53:28 INFO request method=GET path=/cable duration=22.375938733s
2026/10/06 23:53:28 INFO request method=GET path=/cable duration=22.366903063s
2026/10/06 23:53:28 INFO request method=GET path=/cable duration=22.338424512s
2026/10/06 23:53:28 INFO request method=GET path=/cable duration=22.338373553s
2026/10/06 23:53:28 INFO request method=GET path=/cable duration=22.385778652s
2026/10/06 23:53:28 INFO request method=GET path=/cable duration=22.36368327s
2026/10/06 23:53:28 INFO request method=GET path=/cable duration=22.381722193s
2026/10/06 23:53:28 INFO request method=GET path=/cable duration=22.343360513s
2026/10/06 23:53:28 INFO request method=GET path=/cable duration=22.343511138s
2026/10/06 23:53:28 INFO request method=GET path=/cable duration=22.3772589s
2026/10/06 23:53:28 INFO request method=GET path=/cable duration=22.375963858s
2026/10/06 23:53:28 INFO request method=GET path=/cable duration=22.396978907s
2026/10/06 23:53:28 INFO request method=GET path=/cable duration=22.323815716s
2026/10/06 23:53:28 INFO request method=GET path=/cable duration=22.392236488s
2026/10/06 23:53:28 INFO request method=GET path=/cable duration=22.376196858s
2026/10/06 23:53:28 INFO request method=GET path=/cable duration=22.37289344s
2026/10/06 23:53:28 INFO request method=GET path=/cable duration=22.376001858s
2026/10/06 23:53:28 INFO request method=GET path=/cable duration=22.386563237s
2026/10/06 23:53:28 INFO request method=GET path=/cable duration=22.376736484s
2026/10/06 23:53:28 INFO request method=GET path=/cable duration=22.325305216s
2026/10/06 23:53:28 INFO request method=GET path=/cable duration=22.343482555s
2026/10/06 23:53:28 INFO request method=GET path=/cable duration=22.344006555s
2026/10/06 23:53:28 INFO request method=GET path=/cable duration=22.397685323s
2026/10/06 23:53:28 INFO request method=GET path=/cable duration=22.383411902s
2026/10/06 23:53:28 INFO request method=GET path=/cable duration=22.33154976s
2026/10/06 23:53:28 INFO request method=GET path=/cable duration=22.359328352s
2026/10/06 23:53:28 INFO request method=GET path=/cable duration=22.381626526s
2026/10/06 23:53:28 INFO request method=GET path=/cable duration=22.397138323s
2026/10/06 23:53:28 INFO request method=GET path=/cable duration=22.368612355s
2026/10/06 23:53:28 INFO request method=GET path=/cable duration=22.367068188s
2026/10/06 23:53:28 INFO request method=GET path=/cable duration=22.384692902s
2026/10/06 23:53:28 INFO request method=GET path=/cable duration=22.397270365s
2026/10/06 23:53:28 INFO request method=GET path=/cable duration=22.364084104s
2026/10/06 23:53:28 INFO request method=GET path=/cable duration=22.37731265s
2026/10/06 23:53:28 INFO request method=GET path=/cable duration=22.386559653s
2026/10/06 23:53:28 INFO request method=GET path=/cable duration=22.384368861s
2026/10/06 23:53:28 INFO request method=GET path=/cable duration=22.352723225s
2026/10/06 23:53:28 INFO request method=GET path=/cable duration=22.343580097s
2026/10/06 23:53:28 INFO request method=GET path=/cable duration=22.382264735s
2026/10/06 23:53:28 INFO request method=GET path=/cable duration=22.398068906s
2026/10/06 23:53:28 INFO request method=GET path=/cable duration=22.359874144s
2026/10/06 23:53:28 INFO request method=GET path=/cable duration=22.395013114s
2026/10/06 23:53:28 INFO request method=GET path=/cable duration=22.332998802s
2026/10/06 23:53:28 INFO request method=GET path=/cable duration=22.326371008s
2026/10/06 23:53:28 INFO request method=GET path=/cable duration=22.343772555s
2026/10/06 23:53:28 INFO request method=GET path=/cable duration=22.360098602s
2026/10/06 23:53:28 INFO request method=GET path=/cable duration=22.365158187s
2026/10/06 23:53:28 INFO request method=GET path=/cable duration=22.380849984s
2026/10/06 23:53:28 INFO request method=GET path=/cable duration=22.38212886s
2026/10/06 23:53:28 INFO request method=GET path=/cable duration=22.332936677s
2026/10/06 23:53:28 INFO request method=GET path=/cable duration=22.326668259s
2026/10/06 23:53:28 INFO request method=GET path=/cable duration=22.340793055s
2026/10/06 23:53:28 INFO request method=GET path=/cable duration=22.367572272s
2026/10/06 23:53:28 INFO request method=GET path=/cable duration=22.343613472s
2026/10/06 23:53:28 INFO request method=GET path=/cable duration=22.377987484s
2026/10/06 23:53:28 INFO request method=GET path=/cable duration=22.364207813s
2026/10/06 23:53:28 INFO request method=GET path=/cable duration=22.326360175s
2026/10/06 23:53:28 INFO request method=GET path=/cable duration=22.396368198s
2026/10/06 23:53:28 INFO request method=GET path=/cable duration=22.332988469s
2026/10/06 23:53:28 INFO request method=GET path=/cable duration=22.355563184s
2026/10/06 23:53:28 INFO request method=GET path=/cable duration=22.334411052s
2026/10/06 23:53:28 INFO request method=GET path=/cable duration=22.355552101s
2026/10/06 23:53:28 INFO request method=GET path=/cable duration=22.378104984s
2026/10/06 23:53:28 INFO request method=GET path=/cable duration=22.333069677s
2026/10/06 23:53:28 INFO request method=GET path=/cable duration=22.332591385s
2026/10/06 23:53:28 INFO request method=GET path=/cable duration=22.338944221s
2026/10/06 23:53:28 INFO request method=GET path=/cable duration=22.378927192s
2026/10/06 23:53:28 INFO request method=GET path=/cable duration=22.38387461s
2026/10/06 23:53:28 INFO request method=GET path=/cable duration=22.378397525s
2026/10/06 23:53:28 INFO request method=GET path=/cable duration=22.365058354s
2026/10/06 23:53:28 INFO request method=GET path=/cable duration=22.399330908s
2026/10/06 23:53:28 INFO request method=GET path=/cable duration=22.339715679s
2026/10/06 23:53:28 INFO request method=GET path=/cable duration=22.339830929s
2026/10/06 23:53:28 INFO request method=GET path=/cable duration=22.386841695s
2026/10/06 23:53:28 INFO request method=GET path=/cable duration=22.394553656s
2026/10/06 23:53:28 INFO request method=GET path=/cable duration=22.339278304s
2026/10/06 23:53:28 INFO request method=GET path=/cable duration=22.326987592s
2026/10/06 23:53:28 INFO request method=GET path=/cable duration=22.383742819s
2026/10/06 23:53:28 INFO request method=GET path=/cable duration=22.376452483s
2026/10/06 23:53:28 INFO request method=GET path=/cable duration=22.396682364s
2026/10/06 23:53:28 INFO request method=GET path=/cable duration=22.378482984s
2026/10/06 23:53:28 INFO request method=GET path=/cable duration=22.339497304s
2026/10/06 23:53:28 INFO request method=GET path=/cable duration=22.365441272s
2026/10/06 23:53:28 INFO request method=GET path=/cable duration=22.344975264s
2026/10/06 23:53:28 INFO request method=GET path=/cable duration=22.339244096s
2026/10/06 23:53:28 INFO request method=GET path=/cable duration=22.384431652s
2026/10/06 23:53:28 INFO request method=GET path=/cable duration=22.342398556s
2026/10/06 23:53:28 INFO request method=GET path=/cable duration=22.333697094s
2026/10/06 23:53:28 INFO request method=GET path=/cable duration=22.366236229s
2026/10/06 23:53:28 INFO request method=GET path=/cable duration=22.345662348s
2026/10/06 23:53:28 INFO request method=GET path=/cable duration=22.368623314s
2026/10/06 23:53:28 INFO request method=GET path=/cable duration=22.364707604s
2026/10/06 23:53:28 INFO request method=GET path=/cable duration=22.365526438s
2026/10/06 23:53:28 INFO request method=GET path=/cable duration=22.342500764s
2026/10/06 23:53:28 INFO request method=GET path=/cable duration=22.34105968s
2026/10/06 23:53:28 INFO request method=GET path=/cable duration=22.369050606s
2026/10/06 23:53:28 INFO request method=GET path=/cable duration=22.34566689s
2026/10/06 23:53:28 INFO request method=GET path=/cable duration=22.333660428s
2026/10/06 23:53:28 INFO request method=GET path=/cable duration=22.346973515s
2026/10/06 23:53:28 INFO request method=GET path=/cable duration=22.365126937s
2026/10/06 23:53:28 INFO request method=GET path=/cable duration=22.334385636s
2026/10/06 23:53:28 INFO request method=GET path=/cable duration=22.38342686s
2026/10/06 23:53:28 INFO request method=GET path=/cable duration=22.328195634s
2026/10/06 23:53:30 INFO request method=POST path=/rooms/201306877/messages duration=91.691822ms
2026/10/06 23:53:30 INFO request method=GET path=/users/eyJfcmFpbHMiOnsiZGF0YSI6MTI3MzI2MTQxLCJwdXIiOiJ1c2VyL2F2YXRhciJ9fQ--0ac8233a4786ee6c413408416bb81e7107534db5702d351533dc2ecd3876e97f/avatar duration=193.709µs
2026/10/06 23:53:30 INFO request method=POST path=/rooms/201306877/messages duration=33.254344ms
2026/10/06 23:53:30 INFO request method=GET path=/users/eyJfcmFpbHMiOnsiZGF0YSI6MTI3MzI2MTQxLCJwdXIiOiJ1c2VyL2F2YXRhciJ9fQ--0ac8233a4786ee6c413408416bb81e7107534db5702d351533dc2ecd3876e97f/avatar duration=8.042µs
2026/10/06 23:53:31 INFO request method=POST path=/rooms/201306877/messages duration=31.327718ms
2026/10/06 23:53:31 INFO request method=GET path=/users/eyJfcmFpbHMiOnsiZGF0YSI6MTI3MzI2MTQxLCJwdXIiOiJ1c2VyL2F2YXRhciJ9fQ--0ac8233a4786ee6c413408416bb81e7107534db5702d351533dc2ecd3876e97f/avatar duration=11.417µs
2026/10/06 23:53:31 INFO request method=POST path=/rooms/201306877/messages duration=33.171636ms
2026/10/06 23:53:31 INFO request method=GET path=/users/eyJfcmFpbHMiOnsiZGF0YSI6MTI3MzI2MTQxLCJwdXIiOiJ1c2VyL2F2YXRhciJ9fQ--0ac8233a4786ee6c413408416bb81e7107534db5702d351533dc2ecd3876e97f/avatar duration=8.208µs
2026/10/06 23:53:31 INFO request method=POST path=/rooms/201306877/messages duration=36.181637ms
2026/10/06 23:53:31 INFO request method=GET path=/users/eyJfcmFpbHMiOnsiZGF0YSI6MTI3MzI2MTQxLCJwdXIiOiJ1c2VyL2F2YXRhciJ9fQ--0ac8233a4786ee6c413408416bb81e7107534db5702d351533dc2ecd3876e97f/avatar duration=7.125µs
2026/10/06 23:53:31 INFO request method=POST path=/rooms/201306877/messages duration=31.614677ms
2026/10/06 23:53:31 INFO request method=GET path="/rails/active_storage/representations/redirect/eyJfcmFpbHMiOnsiZGF0YSI6MjUsInB1ciI6ImJsb2JfaWQifX0=--8314bb3fee65d3f8f0c3bc726e3c838511a8ddef/eyJfcmFpbHMiOnsiZGF0YSI6eyJmb3JtYXQiOiJqcGciLCJyZXNpemVfdG9fbGltaXQiOlsxMjAwLDgwMF19LCJwdXIiOiJ2YXJpYXRpb24ifX0=--28426ca1e33b0fea71b8b10b7f52a844de5886cf/black_hole.jpg" duration=232.417µs
2026/10/06 23:53:31 INFO request method=GET path="/rails/active_storage/disk/eyJfcmFpbHMiOnsiZGF0YSI6eyJrZXkiOiJjaDl2bmw5a3g3eWx3aWwwMjVheGhkZzZxaGZyIiwiZGlzcG9zaXRpb24iOiJpbmxpbmU7IGZpbGVuYW1lPVwiYmxhY2tfaG9sZS5qcGdcIjsgZmlsZW5hbWUqPVVURi04JydibGFja19ob2xlLmpwZyIsImNvbnRlbnRfdHlwZSI6ImltYWdlL2pwZWciLCJzZXJ2aWNlX25hbWUiOiJsb2NhbCJ9LCJleHAiOiIyMDI2LTEwLTA2VDIzOjU4OjMxLjE1N1oiLCJwdXIiOiJibG9iX2tleSJ9fQ==--29d0e0a9672228d5d714f28edc506a0c6fc3cb4d/black_hole.jpg" duration=138.25µs
