2026/10/07 00:35:42 INFO request method=GET path=/cable duration=22.475585991s
2026/10/07 00:35:42 INFO request method=GET path=/cable duration=22.428036567s
2026/10/07 00:35:42 INFO request method=GET path=/cable duration=22.453929825s
2026/10/07 00:35:42 INFO request method=GET path=/cable duration=22.461933049s
2026/10/07 00:35:42 INFO request method=GET path=/cable duration=22.437329418s
2026/10/07 00:35:42 INFO request method=GET path=/cable duration=22.450381526s
2026/10/07 00:35:42 INFO request method=GET path=/cable duration=22.442117677s
2026/10/07 00:35:42 INFO request method=GET path=/cable duration=22.442484469s
2026/10/07 00:35:42 INFO request method=GET path=/cable duration=22.4233666s
2026/10/07 00:35:42 INFO request method=GET path=/cable duration=22.474194571s
2026/10/07 00:35:42 INFO request method=GET path=/cable duration=22.445729934s
2026/10/07 00:35:42 INFO request method=GET path=/cable duration=22.439504631s
2026/10/07 00:35:42 INFO request method=GET path=/cable duration=22.456046912s
2026/10/07 00:35:42 INFO request method=GET path=/cable duration=22.414771s
2026/10/07 00:35:42 INFO request method=GET path=/cable duration=22.478382246s
2026/10/07 00:35:42 INFO request method=GET path=/cable duration=22.415541127s
2026/10/07 00:35:42 INFO request method=GET path=/cable duration=22.440275673s
2026/10/07 00:35:42 INFO request method=GET path=/cable duration=22.41633667s
2026/10/07 00:35:42 INFO request method=GET path=/cable duration=22.438318295s
2026/10/07 00:35:42 INFO request method=GET path=/cable duration=22.46328805s
2026/10/07 00:35:42 INFO request method=GET path=/cable duration=22.421783222s
2026/10/07 00:35:42 INFO request method=GET path=/cable duration=22.414819334s
2026/10/07 00:35:42 INFO request method=GET path=/cable duration=22.443277763s
2026/10/07 00:35:42 INFO request method=GET path=/cable duration=22.468618852s
2026/10/07 00:35:42 INFO request method=GET path=/cable duration=22.41491925s
2026/10/07 00:35:42 INFO request method=GET path=/cable duration=22.429219069s
2026/10/07 00:35:42 INFO request method=GET path=/cable duration=22.447942772s
2026/10/07 00:35:42 INFO request method=GET path=/cable duration=22.420418761s
2026/10/07 00:35:42 INFO request method=GET path=/cable duration=22.43729771s
2026/10/07 00:35:42 INFO request method=GET path=/cable duration=22.465308971s
2026/10/07 00:35:42 INFO request method=GET path=/cable duration=22.442845262s
2026/10/07 00:35:42 INFO request method=GET path=/cable duration=22.427569067s
2026/10/07 00:35:42 INFO request method=GET path=/cable duration=22.405434316s
2026/10/07 00:35:42 INFO request method=GET path=/cable duration=22.416103044s
2026/10/07 00:35:42 INFO request method=GET path=/cable duration=22.411038285s
2026/10/07 00:35:42 INFO request method=GET path=/cable duration=22.421331721s
2026/10/07 00:35:42 INFO request method=GET path=/cable duration=22.417429339s
2026/10/07 00:35:42 INFO request method=GET path=/cable duration=22.40670711s
2026/10/07 00:35:42 INFO request method=GET path=/cable duration=22.439061254s
2026/10/07 00:35:42 INFO request method=GET path=/cable duration=22.444634099s
2026/10/07 00:35:42 INFO request method=GET path=/cable duration=22.419046634s
2026/10/07 00:35:42 INFO request method=GET path=/cable duration=22.439886173s
2026/10/07 00:35:42 INFO request method=GET path=/cable duration=22.443965098s
2026/10/07 00:35:42 INFO request method=GET path=/cable duration=22.471831275s
2026/10/07 00:35:42 INFO request method=GET path=/cable duration=22.424730103s
2026/10/07 00:35:42 INFO request method=GET path=/cable duration=22.456431288s
2026/10/07 00:35:42 INFO request method=GET path=/cable duration=22.463681718s
2026/10/07 00:35:42 INFO request method=GET path=/cable duration=22.469661979s
2026/10/07 00:35:42 INFO request method=GET path=/cable duration=22.424429644s
2026/10/07 00:35:42 INFO request method=GET path=/cable duration=22.438286503s
2026/10/07 00:35:42 INFO request method=GET path=/cable duration=22.44365543s
2026/10/07 00:35:42 INFO request method=GET path=/cable duration=22.443203971s
2026/10/07 00:35:42 INFO request method=GET path=/cable duration=22.440207299s
2026/10/07 00:35:42 INFO request method=GET path=/cable duration=22.425669187s
2026/10/07 00:35:42 INFO request method=GET path=/cable duration=22.429700528s
2026/10/07 00:35:42 INFO request method=GET path=/cable duration=22.441195884s
2026/10/07 00:35:42 INFO request method=GET path=/cable duration=22.407756488s
2026/10/07 00:35:42 INFO request method=GET path=/cable duration=22.469745647s
2026/10/07 00:35:42 INFO request method=GET path=/cable duration=22.425479021s
2026/10/07 00:35:42 INFO request method=GET path=/cable duration=22.419802968s
2026/10/07 00:35:42 INFO request method=GET path=/cable duration=22.408077738s
2026/10/07 00:35:42 INFO request method=GET path=/cable duration=22.411197035s
2026/10/07 00:35:42 INFO request method=GET path=/cable duration=22.444517473s
2026/10/07 00:35:42 INFO request method=GET path=/cable duration=22.405828109s
2026/10/07 00:35:42 INFO request method=GET path=/cable duration=22.453740991s
2026/10/07 00:35:42 INFO request method=GET path=/cable duration=22.429135694s
2026/10/07 00:35:42 INFO request method=GET path=/cable duration=22.442465386s
2026/10/07 00:35:42 INFO request method=GET path=/cable duration=22.423946435s
2026/10/07 00:35:42 INFO request method=GET path=/cable duration=22.417558256s
2026/10/07 00:35:42 INFO request method=GET path=/cable duration=22.44193476s
2026/10/07 00:35:42 INFO request method=GET path=/cable duration=22.453462323s
2026/10/07 00:35:42 INFO request method=GET path=/cable duration=22.416602629s
2026/10/07 00:35:42 INFO request method=GET path=/cable duration=22.411100785s
2026/10/07 00:35:42 INFO request method=GET path=/cable duration=22.413061163s
2026/10/07 00:35:42 INFO request method=GET path=/cable duration=22.474443905s
2026/10/07 00:35:42 INFO request method=GET path=/cable duration=22.43758196s
2026/10/07 00:35:42 INFO request method=GET path=/cable duration=22.424333685s
2026/10/07 00:35:42 INFO request method=GET path=/cable duration=22.438484962s
2026/10/07 00:35:42 INFO request method=GET path=/cable duration=22.454505284s
2026/10/07 00:35:42 INFO request method=GET path=/cable duration=22.416244128s
2026/10/07 00:35:42 INFO request method=GET path=/cable duration=22.475627491s
2026/10/07 00:35:42 INFO request method=GET path=/cable duration=22.445210517s
2026/10/07 00:35:42 INFO request method=GET path=/cable duration=22.458567041s
2026/10/07 00:35:42 INFO request method=GET path=/cable duration=22.45747929s
2026/10/07 00:35:42 INFO request method=GET path=/cable duration=22.46560393s
2026/10/07 00:35:42 INFO request method=GET path=/cable duration=22.445198516s
2026/10/07 00:35:42 INFO request method=GET path=/cable duration=22.456512538s
2026/10/07 00:35:42 INFO request method=GET path=/cable duration=22.464939679s
2026/10/07 00:35:42 INFO request method=GET path=/cable duration=22.422255806s
2026/10/07 00:35:42 INFO request method=GET path=/cable duration=22.441435968s
2026/10/07 00:35:42 INFO request method=GET path=/cable duration=22.448264022s
2026/10/07 00:35:42 INFO request method=GET path=/cable duration=22.425577063s
2026/10/07 00:35:42 INFO request method=GET path=/cable duration=22.445157517s
2026/10/07 00:35:42 INFO request method=GET path=/cable duration=22.422456515s
2026/10/07 00:35:42 INFO request method=GET path=/cable duration=22.411927079s
2026/10/07 00:35:42 INFO request method=GET path=/cable duration=22.424538268s
2026/10/07 00:35:42 INFO request method=GET path=/cable duration=22.457914249s
2026/10/07 00:35:42 INFO request method=GET path=/cable duration=22.475090698s
2026/10/07 00:35:42 INFO request method=GET path=/cable duration=22.408929239s
2026/10/07 00:35:42 INFO request method=GET path=/cable duration=22.476173742s
2026/10/07 00:35:42 INFO request method=GET path=/cable duration=22.46410526s
2026/10/07 00:35:42 INFO request method=GET path=/cable duration=22.441386259s
2026/10/07 00:35:42 INFO request method=GET path=/cable duration=22.439250297s
2026/10/07 00:35:42 INFO request method=GET path=/cable duration=22.438910421s
2026/10/07 00:35:42 INFO request method=GET path=/cable duration=22.44519485s
2026/10/07 00:35:42 INFO request method=GET path=/cable duration=22.412588747s
2026/10/07 00:35:42 INFO request method=GET path=/cable duration=22.407820862s
2026/10/07 00:35:42 INFO request method=GET path=/cable duration=22.46402276s
2026/10/07 00:35:42 INFO request method=GET path=/cable duration=22.46510822s
2026/10/07 00:35:42 INFO request method=GET path=/cable duration=22.439792881s
2026/10/07 00:35:42 INFO request method=GET path=/cable duration=22.470146272s
2026/10/07 00:35:42 INFO request method=GET path=/cable duration=22.4322762s
2026/10/07 00:35:42 INFO request method=GET path=/cable duration=22.420076844s
2026/10/07 00:35:42 INFO request method=GET path=/cable duration=22.420790095s
2026/10/07 00:35:42 INFO request method=GET path=/cable duration=22.467185892s
2026/10/07 00:35:42 INFO request method=GET path=/cable duration=22.407880529s
2026/10/07 00:35:42 INFO request method=GET path=/cable duration=22.457802582s
2026/10/07 00:35:42 INFO request method=GET path=/cable duration=22.465292388s
2026/10/07 00:35:42 INFO request method=GET path=/cable duration=22.418086174s
2026/10/07 00:35:42 INFO request method=GET path=/cable duration=22.428456276s
2026/10/07 00:35:42 INFO request method=GET path=/cable duration=22.446062393s
2026/10/07 00:35:42 INFO request method=GET path=/cable duration=22.443807847s
2026/10/07 00:35:42 INFO request method=GET path=/cable duration=22.418510091s
2026/10/07 00:35:42 INFO request method=GET path=/cable duration=22.412510163s
2026/10/07 00:35:42 INFO request method=GET path=/cable duration=22.441267092s
2026/10/07 00:35:42 INFO request method=GET path=/cable duration=22.445437434s
2026/10/07 00:35:42 INFO request method=GET path=/cable duration=22.438840587s
2026/10/07 00:35:42 INFO request method=GET path=/cable duration=22.406935528s
2026/10/07 00:35:42 INFO request method=GET path=/cable duration=22.465792139s
2026/10/07 00:35:42 INFO request method=GET path=/cable duration=22.458835417s
2026/10/07 00:35:42 INFO request method=GET path=/cable duration=22.424688103s
2026/10/07 00:35:42 INFO request method=GET path=/cable duration=22.470233981s
2026/10/07 00:35:42 INFO request method=GET path=/cable duration=22.476203742s
2026/10/07 00:35:42 INFO request method=GET path=/cable duration=22.445538267s
2026/10/07 00:35:42 INFO request method=GET path=/cable duration=22.477107952s
2026/10/07 00:35:42 INFO request method=GET path=/cable duration=22.423399767s
2026/10/07 00:35:42 INFO request method=GET path=/cable duration=22.41371979s
2026/10/07 00:35:42 INFO request method=GET path=/cable duration=22.420223552s
2026/10/07 00:35:42 INFO request method=GET path=/cable duration=22.414663459s
2026/10/07 00:35:42 INFO request method=GET path=/cable duration=22.441521593s
2026/10/07 00:35:42 INFO request method=GET path=/cable duration=22.44183401s
2026/10/07 00:35:42 INFO request method=GET path=/cable duration=22.444321889s
2026/10/07 00:35:42 INFO request method=GET path=/cable duration=22.466257598s
2026/10/07 00:35:42 INFO request method=GET path=/cable duration=22.420451886s
2026/10/07 00:35:42 INFO request method=GET path=/cable duration=22.459954045s
2026/10/07 00:35:42 INFO request method=GET path=/cable duration=22.470140272s
2026/10/07 00:35:42 INFO request method=GET path=/cable duration=22.466309973s
2026/10/07 00:35:42 INFO request method=GET path=/cable duration=22.408075155s
2026/10/07 00:35:42 INFO request method=GET path=/cable duration=22.429097611s
2026/10/07 00:35:42 INFO request method=GET path=/cable duration=22.457001247s
2026/10/07 00:35:42 INFO request method=GET path=/cable duration=22.471739484s
2026/10/07 00:35:42 INFO request method=GET path=/cable duration=22.446480394s
2026/10/07 00:35:42 INFO request method=GET path=/cable duration=22.47533999s
2026/10/07 00:35:42 INFO request method=GET path=/cable duration=22.441827594s
2026/10/07 00:35:42 INFO request method=GET path=/cable duration=22.446725477s
2026/10/07 00:35:42 INFO request method=GET path=/cable duration=22.475316365s
2026/10/07 00:35:42 INFO request method=GET path=/cable duration=22.418636425s
2026/10/07 00:35:42 INFO request method=GET path=/cable duration=22.46736285s
2026/10/07 00:35:42 INFO request method=GET path=/cable duration=22.408394197s
2026/10/07 00:35:42 INFO request method=GET path=/cable duration=22.458260708s
2026/10/07 00:35:42 INFO request method=GET path=/cable duration=22.420194052s
2026/10/07 00:35:42 INFO request method=GET path=/cable duration=22.458845293s
2026/10/07 00:35:42 INFO request method=GET path=/cable duration=22.449819567s
2026/10/07 00:35:42 INFO request method=GET path=/cable duration=22.429833362s
2026/10/07 00:35:42 INFO request method=GET path=/cable duration=22.466640599s
2026/10/07 00:35:42 INFO request method=GET path=/cable duration=22.430975906s
2026/10/07 00:35:42 INFO request method=GET path=/cable duration=22.425697271s
2026/10/07 00:35:42 INFO request method=GET path=/cable duration=22.447168228s
2026/10/07 00:35:42 INFO request method=GET path=/cable duration=22.431033073s
2026/10/07 00:35:42 INFO request method=GET path=/cable duration=22.44677627s
2026/10/07 00:35:42 INFO request method=GET path=/cable duration=22.470658481s
2026/10/07 00:35:42 INFO request method=GET path=/cable duration=22.440338174s
2026/10/07 00:35:42 INFO request method=GET path=/cable duration=22.421730847s
2026/10/07 00:35:42 INFO request method=GET path=/cable duration=22.419312509s
2026/10/07 00:35:42 INFO request method=GET path=/cable duration=22.466180223s
2026/10/07 00:35:42 INFO request method=GET path=/cable duration=22.468730353s
2026/10/07 00:35:42 INFO request method=GET path=/cable duration=22.41670842s
2026/10/07 00:35:42 INFO request method=GET path=/cable duration=22.471356316s
2026/10/07 00:35:42 INFO request method=GET path=/cable duration=22.415579919s
2026/10/07 00:35:42 INFO request method=GET path=/cable duration=22.468965729s
2026/10/07 00:35:42 INFO request method=GET path=/cable duration=22.460033169s
2026/10/07 00:35:42 INFO request method=GET path=/cable duration=22.461291255s
2026/10/07 00:35:42 INFO request method=GET path=/cable duration=22.421462721s
2026/10/07 00:35:42 INFO request method=GET path=/cable duration=22.414740958s
2026/10/07 00:35:42 INFO request method=GET path=/cable duration=22.472966153s
2026/10/07 00:35:42 INFO request method=GET path=/cable duration=22.43553929s
2026/10/07 00:35:42 INFO request method=GET path=/cable duration=22.446112977s
2026/10/07 00:35:42 INFO request method=GET path=/cable duration=22.441222425s
2026/10/07 00:35:42 INFO request method=GET path=/cable duration=22.422417932s
2026/10/07 00:35:42 INFO request method=GET path=/cable duration=22.416839254s
2026/10/07 00:35:42 INFO request method=GET path=/cable duration=22.444270181s
2026/10/07 00:35:42 INFO request method=GET path=/cable duration=22.444257765s
2026/10/07 00:35:42 INFO request method=GET path=/cable duration=22.450948694s
2026/10/07 00:35:42 INFO request method=GET path=/cable duration=22.44172151s
2026/10/07 00:35:42 INFO request method=GET path=/cable duration=22.458622251s
2026/10/07 00:35:42 INFO request method=GET path=/cable duration=22.415457168s
2026/10/07 00:35:42 INFO request method=GET path=/cable duration=22.441444342s
2026/10/07 00:35:42 INFO request method=GET path=/cable duration=22.423979934s
2026/10/07 00:35:42 INFO request method=GET path=/cable duration=22.441703884s
2026/10/07 00:35:42 INFO request method=GET path=/cable duration=22.419838135s
2026/10/07 00:35:42 INFO request method=GET path=/cable duration=22.46007692s
2026/10/07 00:35:42 INFO request method=GET path=/cable duration=22.466890599s
2026/10/07 00:35:42 INFO request method=GET path=/cable duration=22.442253719s
2026/10/07 00:35:42 INFO request method=GET path=/cable duration=22.48139146s
2026/10/07 00:35:42 INFO request method=GET path=/cable duration=22.44167576s
2026/10/07 00:35:42 INFO request method=GET path=/cable duration=22.478296412s
2026/10/07 00:35:42 INFO request method=GET path=/cable duration=22.428436151s
2026/10/07 00:35:42 INFO request method=GET path=/cable duration=22.423153641s
2026/10/07 00:35:42 INFO request method=GET path=/cable duration=22.422712807s
2026/10/07 00:35:42 INFO request method=GET path=/cable duration=22.448879023s
2026/10/07 00:35:42 INFO request method=GET path=/cable duration=22.459960294s
2026/10/07 00:35:42 INFO request method=GET path=/cable duration=22.419986593s
2026/10/07 00:35:42 INFO request method=GET path=/cable duration=22.421051554s
2026/10/07 00:35:42 INFO request method=GET path=/cable duration=22.445687475s
2026/10/07 00:35:42 INFO request method=GET path=/cable duration=22.446648978s
2026/10/07 00:35:42 INFO request method=GET path=/cable duration=22.422436473s
2026/10/07 00:35:42 INFO request method=GET path=/cable duration=22.428417485s
2026/10/07 00:35:42 INFO request method=GET path=/cable duration=22.425360937s
2026/10/07 00:35:42 INFO request method=GET path=/cable duration=22.425808772s
2026/10/07 00:35:42 INFO request method=GET path=/cable duration=22.470552982s
2026/10/07 00:35:42 INFO request method=GET path=/cable duration=22.44135705s
2026/10/07 00:35:42 INFO request method=GET path=/cable duration=22.460944255s
2026/10/07 00:35:42 INFO request method=GET path=/cable duration=22.446677644s
2026/10/07 00:35:42 INFO request method=GET path=/cable duration=22.441674718s
2026/10/07 00:35:42 INFO request method=GET path=/cable duration=22.448338148s
2026/10/07 00:35:42 INFO request method=GET path=/cable duration=22.424852978s
2026/10/07 00:35:42 INFO request method=GET path=/cable duration=22.460983963s
2026/10/07 00:35:42 INFO request method=GET path=/cable duration=22.409277199s
2026/10/07 00:35:42 INFO request method=GET path=/cable duration=22.427185233s
2026/10/07 00:35:42 INFO request method=GET path=/cable duration=22.44212476s
2026/10/07 00:35:42 INFO request method=GET path=/cable duration=22.449673317s
2026/10/07 00:35:42 INFO request method=GET path=/cable duration=22.445961852s
2026/10/07 00:35:42 INFO request method=GET path=/cable duration=22.453097032s
2026/10/07 00:35:42 INFO request method=GET path=/cable duration=22.416676879s
2026/10/07 00:35:42 INFO request method=GET path=/cable duration=22.476764159s
2026/10/07 00:35:42 INFO request method=GET path=/cable duration=22.460607629s
2026/10/07 00:35:42 INFO request method=GET path=/cable duration=22.447994064s
2026/10/07 00:35:42 INFO request method=GET path=/cable duration=22.423475226s
2026/10/07 00:35:42 INFO request method=GET path=/cable duration=22.448913356s
2026/10/07 00:35:42 INFO request method=GET path=/cable duration=22.416906296s
2026/10/07 00:35:42 INFO request method=GET path=/cable duration=22.470148189s
2026/10/07 00:35:42 INFO request method=GET path=/cable duration=22.424373102s
2026/10/07 00:35:42 INFO request method=GET path=/cable duration=22.479087122s
2026/10/07 00:35:42 INFO request method=GET path=/cable duration=22.446970312s
2026/10/07 00:35:42 INFO request method=GET path=/cable duration=22.448257105s
2026/10/07 00:35:42 INFO request method=GET path=/cable duration=22.44559385s
2026/10/07 00:35:42 INFO request method=GET path=/cable duration=22.448598273s
2026/10/07 00:35:42 INFO request method=GET path=/cable duration=22.468093185s
2026/10/07 00:35:42 INFO request method=GET path=/cable duration=22.420482303s
2026/10/07 00:35:42 INFO request method=GET path=/cable duration=22.446510852s
2026/10/07 00:35:42 INFO request method=GET path=/cable duration=22.442247844s
2026/10/07 00:35:42 INFO request method=GET path=/cable duration=22.443350138s
2026/10/07 00:35:42 INFO request method=GET path=/cable duration=22.451873363s
2026/10/07 00:35:42 INFO request method=GET path=/cable duration=22.442677553s
2026/10/07 00:35:42 INFO request method=GET path=/cable duration=22.471081565s
2026/10/07 00:35:42 INFO request method=GET path=/cable duration=22.440257382s
2026/10/07 00:35:42 INFO request method=GET path=/cable duration=22.460677087s
2026/10/07 00:35:42 INFO request method=GET path=/cable duration=22.416088003s
2026/10/07 00:35:42 INFO request method=GET path=/cable duration=22.426674731s
2026/10/07 00:35:42 INFO request method=GET path=/cable duration=22.449770859s
2026/10/07 00:35:42 INFO request method=GET path=/cable duration=22.473709237s
2026/10/07 00:35:42 INFO request method=GET path=/cable duration=22.483742798s
2026/10/07 00:35:42 INFO request method=GET path=/cable duration=22.422573515s
2026/10/07 00:35:42 INFO request method=GET path=/cable duration=22.431706075s
2026/10/07 00:35:42 INFO request method=GET path=/cable duration=22.41632567s
2026/10/07 00:35:42 INFO request method=GET path=/cable duration=22.439754965s
2026/10/07 00:35:42 INFO request method=GET path=/cable duration=22.448042396s
2026/10/07 00:35:42 INFO request method=GET path=/cable duration=22.4630318s
2026/10/07 00:35:42 INFO request method=GET path=/cable duration=22.442891845s
2026/10/07 00:35:42 INFO request method=GET path=/cable duration=22.47345257s
2026/10/07 00:35:42 INFO request method=GET path=/cable duration=22.442591262s
2026/10/07 00:35:42 INFO request method=GET path=/cable duration=22.451937987s
2026/10/07 00:35:42 INFO request method=GET path=/cable duration=22.423770309s
2026/10/07 00:35:42 INFO request method=GET path=/cable duration=22.479319039s
2026/10/07 00:35:42 INFO request method=GET path=/cable duration=22.443516597s
2026/10/07 00:35:42 INFO request method=GET path=/cable duration=22.442961637s
2026/10/07 00:35:42 INFO request method=GET path=/cable duration=22.462056215s
2026/10/07 00:35:42 INFO request method=GET path=/cable duration=22.459898544s
2026/10/07 00:35:42 INFO request method=GET path=/cable duration=22.445040225s
2026/10/07 00:35:42 INFO request method=GET path=/cable duration=22.462782508s
2026/10/07 00:35:42 INFO request method=GET path=/cable duration=22.430393739s
2026/10/07 00:35:42 INFO request method=GET path=/cable duration=22.479808582s
2026/10/07 00:35:42 INFO request method=GET path=/cable duration=22.416599379s
2026/10/07 00:35:42 INFO request method=GET path=/cable duration=22.443834889s
2026/10/07 00:35:42 INFO request method=GET path=/cable duration=22.43639275s
2026/10/07 00:35:42 INFO request method=GET path=/cable duration=22.433811661s
2026/10/07 00:35:42 INFO request method=GET path=/cable duration=22.450237026s
2026/10/07 00:35:44 INFO request method=POST path=/rooms/201306877/messages duration=84.202993ms
2026/10/07 00:35:44 INFO request method=GET path=/users/eyJfcmFpbHMiOnsiZGF0YSI6MTI3MzI2MTQxLCJwdXIiOiJ1c2VyL2F2YXRhciJ9fQ--0ac8233a4786ee6c413408416bb81e7107534db5702d351533dc2ecd3876e97f/avatar duration=321.834µs
2026/10/07 00:35:44 INFO request method=POST path=/rooms/201306877/messages duration=31.179767ms
2026/10/07 00:35:44 INFO request method=GET path=/users/eyJfcmFpbHMiOnsiZGF0YSI6MTI3MzI2MTQxLCJwdXIiOiJ1c2VyL2F2YXRhciJ9fQ--0ac8233a4786ee6c413408416bb81e7107534db5702d351533dc2ecd3876e97f/avatar duration=7.041µs
2026/10/07 00:35:44 INFO request method=POST path=/rooms/201306877/messages duration=31.661643ms
2026/10/07 00:35:44 INFO request method=GET path=/users/eyJfcmFpbHMiOnsiZGF0YSI6MTI3MzI2MTQxLCJwdXIiOiJ1c2VyL2F2YXRhciJ9fQ--0ac8233a4786ee6c413408416bb81e7107534db5702d351533dc2ecd3876e97f/avatar duration=9.583µs
2026/10/07 00:35:44 INFO request method=POST path=/rooms/201306877/messages duration=28.099094ms
2026/10/07 00:35:44 INFO request method=GET path=/users/eyJfcmFpbHMiOnsiZGF0YSI6MTI3MzI2MTQxLCJwdXIiOiJ1c2VyL2F2YXRhciJ9fQ--0ac8233a4786ee6c413408416bb81e7107534db5702d351533dc2ecd3876e97f/avatar duration=8.042µs
2026/10/07 00:35:44 INFO request method=POST path=/rooms/201306877/messages duration=29.327639ms
2026/10/07 00:35:44 INFO request method=GET path=/users/eyJfcmFpbHMiOnsiZGF0YSI6MTI3MzI2MTQxLCJwdXIiOiJ1c2VyL2F2YXRhciJ9fQ--0ac8233a4786ee6c413408416bb81e7107534db5702d351533dc2ecd3876e97f/avatar duration=6.291µs
2026/10/07 00:35:44 INFO request method=POST path=/rooms/201306877/messages duration=30.214016ms
2026/10/07 00:35:44 INFO request method=GET path="/rails/active_storage/representations/redirect/eyJfcmFpbHMiOnsiZGF0YSI6MjUsInB1ciI6ImJsb2JfaWQifX0=--8314bb3fee65d3f8f0c3bc726e3c838511a8ddef/eyJfcmFpbHMiOnsiZGF0YSI6eyJmb3JtYXQiOiJqcGciLCJyZXNpemVfdG9fbGltaXQiOlsxMjAwLDgwMF19LCJwdXIiOiJ2YXJpYXRpb24ifX0=--28426ca1e33b0fea71b8b10b7f52a844de5886cf/black_hole.jpg" duration=201.376µs
2026/10/07 00:35:44 INFO request method=GET path="/rails/active_storage/disk/eyJfcmFpbHMiOnsiZGF0YSI6eyJrZXkiOiJyc2hma2tqMTJnYjZpbmJ0dTE4NjliOGJ5enBiIiwiZGlzcG9zaXRpb24iOiJpbmxpbmU7IGZpbGVuYW1lPVwiYmxhY2tfaG9sZS5qcGdcIjsgZmlsZW5hbWUqPVVURi04JydibGFja19ob2xlLmpwZyIsImNvbnRlbnRfdHlwZSI6ImltYWdlL2pwZWciLCJzZXJ2aWNlX25hbWUiOiJsb2NhbCJ9LCJleHAiOiIyMDI2LTEwLTA3VDAwOjQwOjQ0Ljg4NVoiLCJwdXIiOiJibG9iX2tleSJ9fQ==--4ec6d91764c40fd7cba18b536985522707d7ba60/black_hole.jpg" duration=126.166µs
