2026/10/07 02:14:05 INFO request method=GET path=/cable duration=22.427203499s
2026/10/07 02:14:05 INFO request method=GET path=/cable duration=22.440380776s
2026/10/07 02:14:05 INFO request method=GET path=/cable duration=22.432221509s
2026/10/07 02:14:05 INFO request method=GET path=/cable duration=22.474565511s
2026/10/07 02:14:05 INFO request method=GET path=/cable duration=22.433870387s
2026/10/07 02:14:05 INFO request method=GET path=/cable duration=22.427682458s
2026/10/07 02:14:05 INFO request method=GET path=/cable duration=22.452516175s
2026/10/07 02:14:05 INFO request method=GET path=/cable duration=22.442156821s
2026/10/07 02:14:05 INFO request method=GET path=/cable duration=22.459661397s
2026/10/07 02:14:05 INFO request method=GET path=/cable duration=22.428063835s
2026/10/07 02:14:05 INFO request method=GET path=/cable duration=22.43759427s
2026/10/07 02:14:05 INFO request method=GET path=/cable duration=22.436940102s
2026/10/07 02:14:05 INFO request method=GET path=/cable duration=22.441050277s
2026/10/07 02:14:05 INFO request method=GET path=/cable duration=22.457172767s
2026/10/07 02:14:05 INFO request method=GET path=/cable duration=22.440123442s
2026/10/07 02:14:05 INFO request method=GET path=/cable duration=22.442836947s
2026/10/07 02:14:05 INFO request method=GET path=/cable duration=22.439212523s
2026/10/07 02:14:05 INFO request method=GET path=/cable duration=22.441976737s
2026/10/07 02:14:05 INFO request method=GET path=/cable duration=22.439399482s
2026/10/07 02:14:05 INFO request method=GET path=/cable duration=22.441299777s
2026/10/07 02:14:05 INFO request method=GET path=/cable duration=22.436027225s
2026/10/07 02:14:05 INFO request method=GET path=/cable duration=22.435480016s
2026/10/07 02:14:05 INFO request method=GET path=/cable duration=22.438248479s
2026/10/07 02:14:05 INFO request method=GET path=/cable duration=22.439035689s
2026/10/07 02:14:05 INFO request method=GET path=/cable duration=22.428139959s
2026/10/07 02:14:05 INFO request method=GET path=/cable duration=22.442053613s
2026/10/07 02:14:05 INFO request method=GET path=/cable duration=22.458518978s
2026/10/07 02:14:05 INFO request method=GET path=/cable duration=22.439929609s
2026/10/07 02:14:05 INFO request method=GET path=/cable duration=22.440462318s
2026/10/07 02:14:05 INFO request method=GET path=/cable duration=22.46438799s
2026/10/07 02:14:05 INFO request method=GET path=/cable duration=22.437279645s
2026/10/07 02:14:05 INFO request method=GET path=/cable duration=22.44386895s
2026/10/07 02:14:05 INFO request method=GET path=/cable duration=22.428485251s
2026/10/07 02:14:05 INFO request method=GET path=/cable duration=22.47564343s
2026/10/07 02:14:05 INFO request method=GET path=/cable duration=22.443042448s
2026/10/07 02:14:05 INFO request method=GET path=/cable duration=22.46083015s
2026/10/07 02:14:05 INFO request method=GET path=/cable duration=22.466384869s
2026/10/07 02:14:05 INFO request method=GET path=/cable duration=22.440640985s
2026/10/07 02:14:05 INFO request method=GET path=/cable duration=22.442119779s
2026/10/07 02:14:05 INFO request method=GET path=/cable duration=22.431887842s
2026/10/07 02:14:05 INFO request method=GET path=/cable duration=22.434770681s
2026/10/07 02:14:05 INFO request method=GET path=/cable duration=22.439320023s
2026/10/07 02:14:05 INFO request method=GET path=/cable duration=22.439913733s
2026/10/07 02:14:05 INFO request method=GET path=/cable duration=22.441720361s
2026/10/07 02:14:05 INFO request method=GET path=/cable duration=22.431344091s
2026/10/07 02:14:05 INFO request method=GET path=/cable duration=22.435630891s
2026/10/07 02:14:05 INFO request method=GET path=/cable duration=22.44257003s
2026/10/07 02:14:05 INFO request method=GET path=/cable duration=22.467939164s
2026/10/07 02:14:05 INFO request method=GET path=/cable duration=22.437696145s
2026/10/07 02:14:05 INFO request method=GET path=/cable duration=22.441063985s
2026/10/07 02:14:05 INFO request method=GET path=/cable duration=22.445843495s
2026/10/07 02:14:05 INFO request method=GET path=/cable duration=22.435690308s
2026/10/07 02:14:05 INFO request method=GET path=/cable duration=22.43954544s
2026/10/07 02:14:05 INFO request method=GET path=/cable duration=22.430634215s
2026/10/07 02:14:05 INFO request method=GET path=/cable duration=22.441622653s
2026/10/07 02:14:05 INFO request method=GET path=/cable duration=22.442035321s
2026/10/07 02:14:05 INFO request method=GET path=/cable duration=22.470864878s
2026/10/07 02:14:05 INFO request method=GET path=/cable duration=22.443804407s
2026/10/07 02:14:05 INFO request method=GET path=/cable duration=22.441822695s
2026/10/07 02:14:05 INFO request method=GET path=/cable duration=22.444567617s
2026/10/07 02:14:05 INFO request method=GET path=/cable duration=22.475023262s
2026/10/07 02:14:05 INFO request method=GET path=/cable duration=22.429114462s
2026/10/07 02:14:05 INFO request method=GET path=/cable duration=22.4442882s
2026/10/07 02:14:05 INFO request method=GET path=/cable duration=22.461352026s
2026/10/07 02:14:05 INFO request method=GET path=/cable duration=22.433118011s
2026/10/07 02:14:05 INFO request method=GET path=/cable duration=22.440977485s
2026/10/07 02:14:05 INFO request method=GET path=/cable duration=22.440624943s
2026/10/07 02:14:05 INFO request method=GET path=/cable duration=22.438456147s
2026/10/07 02:14:05 INFO request method=GET path=/cable duration=22.441283819s
2026/10/07 02:14:05 INFO request method=GET path=/cable duration=22.429301462s
2026/10/07 02:14:05 INFO request method=GET path=/cable duration=22.443850407s
2026/10/07 02:14:05 INFO request method=GET path=/cable duration=22.435506807s
2026/10/07 02:14:05 INFO request method=GET path=/cable duration=22.434724139s
2026/10/07 02:14:05 INFO request method=GET path=/cable duration=22.440485859s
2026/10/07 02:14:05 INFO request method=GET path=/cable duration=22.442175321s
2026/10/07 02:14:05 INFO request method=GET path=/cable duration=22.464353615s
2026/10/07 02:14:05 INFO request method=GET path=/cable duration=22.437889854s
2026/10/07 02:14:05 INFO request method=GET path=/cable duration=22.432117967s
2026/10/07 02:14:05 INFO request method=GET path=/cable duration=22.447273748s
2026/10/07 02:14:05 INFO request method=GET path=/cable duration=22.429743046s
2026/10/07 02:14:05 INFO request method=GET path=/cable duration=22.438383355s
2026/10/07 02:14:05 INFO request method=GET path=/cable duration=22.439944233s
2026/10/07 02:14:05 INFO request method=GET path=/cable duration=22.429894588s
2026/10/07 02:14:05 INFO request method=GET path=/cable duration=22.440400401s
2026/10/07 02:14:05 INFO request method=GET path=/cable duration=22.435004348s
2026/10/07 02:14:05 INFO request method=GET path=/cable duration=22.470687378s
2026/10/07 02:14:05 INFO request method=GET path=/cable duration=22.442005445s
2026/10/07 02:14:05 INFO request method=GET path=/cable duration=22.444514993s
2026/10/07 02:14:05 INFO request method=GET path=/cable duration=22.440581901s
2026/10/07 02:14:05 INFO request method=GET path=/cable duration=22.433355845s
2026/10/07 02:14:05 INFO request method=GET path=/cable duration=22.435497974s
2026/10/07 02:14:05 INFO request method=GET path=/cable duration=22.440600818s
2026/10/07 02:14:05 INFO request method=GET path=/cable duration=22.441013527s
2026/10/07 02:14:05 INFO request method=GET path=/cable duration=22.455530764s
2026/10/07 02:14:05 INFO request method=GET path=/cable duration=22.428610877s
2026/10/07 02:14:05 INFO request method=GET path=/cable duration=22.43678431s
2026/10/07 02:14:05 INFO request method=GET path=/cable duration=22.444399784s
2026/10/07 02:14:05 INFO request method=GET path=/cable duration=22.475286887s
2026/10/07 02:14:05 INFO request method=GET path=/cable duration=22.442257196s
2026/10/07 02:14:05 INFO request method=GET path=/cable duration=22.445789995s
2026/10/07 02:14:05 INFO request method=GET path=/cable duration=22.442569364s
2026/10/07 02:14:05 INFO request method=GET path=/cable duration=22.442057654s
2026/10/07 02:14:05 INFO request method=GET path=/cable duration=22.442590572s
2026/10/07 02:14:05 INFO request method=GET path=/cable duration=22.443138698s
2026/10/07 02:14:05 INFO request method=GET path=/cable duration=22.44112661s
2026/10/07 02:14:05 INFO request method=GET path=/cable duration=22.439228648s
2026/10/07 02:14:05 INFO request method=GET path=/cable duration=22.440760568s
2026/10/07 02:14:05 INFO request method=GET path=/cable duration=22.430238714s
2026/10/07 02:14:05 INFO request method=GET path=/cable duration=22.427752792s
2026/10/07 02:14:05 INFO request method=GET path=/cable duration=22.442955697s
2026/10/07 02:14:05 INFO request method=GET path=/cable duration=22.445778078s
2026/10/07 02:14:05 INFO request method=GET path=/cable duration=22.458758479s
2026/10/07 02:14:05 INFO request method=GET path=/cable duration=22.430073338s
2026/10/07 02:14:05 INFO request method=GET path=/cable duration=22.439929275s
2026/10/07 02:14:05 INFO request method=GET path=/cable duration=22.445411494s
2026/10/07 02:14:05 INFO request method=GET path=/cable duration=22.448426042s
2026/10/07 02:14:05 INFO request method=GET path=/cable duration=22.439542899s
2026/10/07 02:14:05 INFO request method=GET path=/cable duration=22.471771796s
2026/10/07 02:14:05 INFO request method=GET path=/cable duration=22.440211109s
2026/10/07 02:14:05 INFO request method=GET path=/cable duration=22.460873233s
2026/10/07 02:14:05 INFO request method=GET path=/cable duration=22.456926226s
2026/10/07 02:14:05 INFO request method=GET path=/cable duration=22.454356637s
2026/10/07 02:14:05 INFO request method=GET path=/cable duration=22.442230279s
2026/10/07 02:14:05 INFO request method=GET path=/cable duration=22.447507999s
2026/10/07 02:14:05 INFO request method=GET path=/cable duration=22.436186142s
2026/10/07 02:14:05 INFO request method=GET path=/cable duration=22.44690633s
2026/10/07 02:14:05 INFO request method=GET path=/cable duration=22.439875399s
2026/10/07 02:14:05 INFO request method=GET path=/cable duration=22.440613443s
2026/10/07 02:14:05 INFO request method=GET path=/cable duration=22.433861513s
2026/10/07 02:14:05 INFO request method=GET path=/cable duration=22.44515666s
2026/10/07 02:14:05 INFO request method=GET path=/cable duration=22.437243144s
2026/10/07 02:14:05 INFO request method=GET path=/cable duration=22.445538661s
2026/10/07 02:14:05 INFO request method=GET path=/cable duration=22.453819427s
2026/10/07 02:14:05 INFO request method=GET path=/cable duration=22.44069311s
2026/10/07 02:14:05 INFO request method=GET path=/cable duration=22.43774152s
2026/10/07 02:14:05 INFO request method=GET path=/cable duration=22.456854726s
2026/10/07 02:14:05 INFO request method=GET path=/cable duration=22.440777318s
2026/10/07 02:14:05 INFO request method=GET path=/cable duration=22.440250526s
2026/10/07 02:14:05 INFO request method=GET path=/cable duration=22.463632072s
2026/10/07 02:14:05 INFO request method=GET path=/cable duration=22.465275158s
2026/10/07 02:14:05 INFO request method=GET path=/cable duration=22.428846044s
2026/10/07 02:14:05 INFO request method=GET path=/cable duration=22.436690185s
2026/10/07 02:14:05 INFO request method=GET path=/cable duration=22.44218003s
2026/10/07 02:14:05 INFO request method=GET path=/cable duration=22.442343072s
2026/10/07 02:14:05 INFO request method=GET path=/cable duration=22.437320061s
2026/10/07 02:14:05 INFO request method=GET path=/cable duration=22.432594302s
2026/10/07 02:14:05 INFO request method=GET path=/cable duration=22.441648237s
2026/10/07 02:14:05 INFO request method=GET path=/cable duration=22.44175732s
2026/10/07 02:14:05 INFO request method=GET path=/cable duration=22.457459685s
2026/10/07 02:14:05 INFO request method=GET path=/cable duration=22.437481644s
2026/10/07 02:14:05 INFO request method=GET path=/cable duration=22.446743872s
2026/10/07 02:14:05 INFO request method=GET path=/cable duration=22.438118146s
2026/10/07 02:14:05 INFO request method=GET path=/cable duration=22.441303652s
2026/10/07 02:14:05 INFO request method=GET path=/cable duration=22.439611816s
2026/10/07 02:14:05 INFO request method=GET path=/cable duration=22.440136067s
2026/10/07 02:14:05 INFO request method=GET path=/cable duration=22.444529242s
2026/10/07 02:14:05 INFO request method=GET path=/cable duration=22.440271275s
2026/10/07 02:14:05 INFO request method=GET path=/cable duration=22.462716196s
2026/10/07 02:14:05 INFO request method=GET path=/cable duration=22.464126323s
2026/10/07 02:14:05 INFO request method=GET path=/cable duration=22.434325014s
2026/10/07 02:14:05 INFO request method=GET path=/cable duration=22.437572937s
2026/10/07 02:14:05 INFO request method=GET path=/cable duration=22.466793912s
2026/10/07 02:14:05 INFO request method=GET path=/cable duration=22.440691568s
2026/10/07 02:14:05 INFO request method=GET path=/cable duration=22.43334197s
2026/10/07 02:14:05 INFO request method=GET path=/cable duration=22.448901501s
2026/10/07 02:14:05 INFO request method=GET path=/cable duration=22.443189906s
2026/10/07 02:14:05 INFO request method=GET path=/cable duration=22.444651951s
2026/10/07 02:14:05 INFO request method=GET path=/cable duration=22.433663137s
2026/10/07 02:14:05 INFO request method=GET path=/cable duration=22.442644572s
2026/10/07 02:14:05 INFO request method=GET path=/cable duration=22.435837725s
2026/10/07 02:14:05 INFO request method=GET path=/cable duration=22.445913786s
2026/10/07 02:14:05 INFO request method=GET path=/cable duration=22.44275103s
2026/10/07 02:14:05 INFO request method=GET path=/cable duration=22.459808731s
2026/10/07 02:14:05 INFO request method=GET path=/cable duration=22.446518663s
2026/10/07 02:14:05 INFO request method=GET path=/cable duration=22.431744634s
2026/10/07 02:14:05 INFO request method=GET path=/cable duration=22.443063115s
2026/10/07 02:14:05 INFO request method=GET path=/cable duration=22.433556512s
2026/10/07 02:14:05 INFO request method=GET path=/cable duration=22.445473202s
2026/10/07 02:14:05 INFO request method=GET path=/cable duration=22.4651567s
2026/10/07 02:14:05 INFO request method=GET path=/cable duration=22.44684858s
2026/10/07 02:14:05 INFO request method=GET path=/cable duration=22.479130895s
2026/10/07 02:14:05 INFO request method=GET path=/cable duration=22.444061908s
2026/10/07 02:14:05 INFO request method=GET path=/cable duration=22.433641803s
2026/10/07 02:14:05 INFO request method=GET path=/cable duration=22.432427093s
2026/10/07 02:14:05 INFO request method=GET path=/cable duration=22.463473322s
2026/10/07 02:14:05 INFO request method=GET path=/cable duration=22.44176532s
2026/10/07 02:14:05 INFO request method=GET path=/cable duration=22.436281434s
2026/10/07 02:14:05 INFO request method=GET path=/cable duration=22.432283509s
2026/10/07 02:14:05 INFO request method=GET path=/cable duration=22.442878864s
2026/10/07 02:14:05 INFO request method=GET path=/cable duration=22.438595689s
2026/10/07 02:14:05 INFO request method=GET path=/cable duration=22.447621291s
2026/10/07 02:14:05 INFO request method=GET path=/cable duration=22.447126456s
2026/10/07 02:14:05 INFO request method=GET path=/cable duration=22.46606841s
2026/10/07 02:14:05 INFO request method=GET path=/cable duration=22.448946918s
2026/10/07 02:14:05 INFO request method=GET path=/cable duration=22.449698711s
2026/10/07 02:14:05 INFO request method=GET path=/cable duration=22.449426711s
2026/10/07 02:14:05 INFO request method=GET path=/cable duration=22.444958493s
2026/10/07 02:14:05 INFO request method=GET path=/cable duration=22.445741203s
2026/10/07 02:14:05 INFO request method=GET path=/cable duration=22.44333374s
2026/10/07 02:14:05 INFO request method=GET path=/cable duration=22.43177805s
2026/10/07 02:14:05 INFO request method=GET path=/cable duration=22.438923648s
2026/10/07 02:14:05 INFO request method=GET path=/cable duration=22.449460127s
2026/10/07 02:14:05 INFO request method=GET path=/cable duration=22.448149208s
2026/10/07 02:14:05 INFO request method=GET path=/cable duration=22.433098677s
2026/10/07 02:14:05 INFO request method=GET path=/cable duration=22.446667288s
2026/10/07 02:14:05 INFO request method=GET path=/cable duration=22.466593244s
2026/10/07 02:14:05 INFO request method=GET path=/cable duration=22.466653495s
2026/10/07 02:14:05 INFO request method=GET path=/cable duration=22.461940861s
2026/10/07 02:14:05 INFO request method=GET path=/cable duration=22.438243646s
2026/10/07 02:14:05 INFO request method=GET path=/cable duration=22.433578554s
2026/10/07 02:14:05 INFO request method=GET path=/cable duration=22.444956785s
2026/10/07 02:14:05 INFO request method=GET path=/cable duration=22.448573959s
2026/10/07 02:14:05 INFO request method=GET path=/cable duration=22.44176732s
2026/10/07 02:14:05 INFO request method=GET path=/cable duration=22.447134914s
2026/10/07 02:14:05 INFO request method=GET path=/cable duration=22.438274688s
2026/10/07 02:14:05 INFO request method=GET path=/cable duration=22.435318599s
2026/10/07 02:14:05 INFO request method=GET path=/cable duration=22.449466419s
2026/10/07 02:14:05 INFO request method=GET path=/cable duration=22.443040823s
2026/10/07 02:14:05 INFO request method=GET path=/cable duration=22.448978585s
2026/10/07 02:14:05 INFO request method=GET path=/cable duration=22.447427664s
2026/10/07 02:14:05 INFO request method=GET path=/cable duration=22.441539486s
2026/10/07 02:14:05 INFO request method=GET path=/cable duration=22.436523643s
2026/10/07 02:14:05 INFO request method=GET path=/cable duration=22.445644536s
2026/10/07 02:14:05 INFO request method=GET path=/cable duration=22.465309825s
2026/10/07 02:14:05 INFO request method=GET path=/cable duration=22.447325331s
2026/10/07 02:14:05 INFO request method=GET path=/cable duration=22.447349706s
2026/10/07 02:14:05 INFO request method=GET path=/cable duration=22.447909957s
2026/10/07 02:14:05 INFO request method=GET path=/cable duration=22.449386294s
2026/10/07 02:14:05 INFO request method=GET path=/cable duration=22.443590032s
2026/10/07 02:14:05 INFO request method=GET path=/cable duration=22.436783602s
2026/10/07 02:14:05 INFO request method=GET path=/cable duration=22.437134352s
2026/10/07 02:14:05 INFO request method=GET path=/cable duration=22.443323781s
2026/10/07 02:14:05 INFO request method=GET path=/cable duration=22.443743449s
2026/10/07 02:14:05 INFO request method=GET path=/cable duration=22.438167438s
2026/10/07 02:14:05 INFO request method=GET path=/cable duration=22.440938568s
2026/10/07 02:14:05 INFO request method=GET path=/cable duration=22.466706037s
2026/10/07 02:14:05 INFO request method=GET path=/cable duration=22.449169168s
2026/10/07 02:14:05 INFO request method=GET path=/cable duration=22.455433556s
2026/10/07 02:14:05 INFO request method=GET path=/cable duration=22.454304762s
2026/10/07 02:14:05 INFO request method=GET path=/cable duration=22.449154627s
2026/10/07 02:14:05 INFO request method=GET path=/cable duration=22.451610548s
2026/10/07 02:14:05 INFO request method=GET path=/cable duration=22.439840525s
2026/10/07 02:14:05 INFO request method=GET path=/cable duration=22.483479487s
2026/10/07 02:14:05 INFO request method=GET path=/cable duration=22.438882398s
2026/10/07 02:14:05 INFO request method=GET path=/cable duration=22.443274782s
2026/10/07 02:14:05 INFO request method=GET path=/cable duration=22.443749408s
2026/10/07 02:14:05 INFO request method=GET path=/cable duration=22.451508923s
2026/10/07 02:14:05 INFO request method=GET path=/cable duration=22.439608566s
2026/10/07 02:14:05 INFO request method=GET path=/cable duration=22.468705915s
2026/10/07 02:14:05 INFO request method=GET path=/cable duration=22.443475032s
2026/10/07 02:14:05 INFO request method=GET path=/cable duration=22.445411827s
2026/10/07 02:14:05 INFO request method=GET path=/cable duration=22.4442087s
2026/10/07 02:14:05 INFO request method=GET path=/cable duration=22.454591137s
2026/10/07 02:14:05 INFO request method=GET path=/cable duration=22.456519141s
2026/10/07 02:14:05 INFO request method=GET path=/cable duration=22.485530824s
2026/10/07 02:14:05 INFO request method=GET path=/cable duration=22.448841376s
2026/10/07 02:14:05 INFO request method=GET path=/cable duration=22.456967558s
2026/10/07 02:14:05 INFO request method=GET path=/cable duration=22.449138418s
2026/10/07 02:14:05 INFO request method=GET path=/cable duration=22.47180163s
2026/10/07 02:14:05 INFO request method=GET path=/cable duration=22.44854875s
2026/10/07 02:14:05 INFO request method=GET path=/cable duration=22.45176484s
2026/10/07 02:14:05 INFO request method=GET path=/cable duration=22.439707399s
2026/10/07 02:14:05 INFO request method=GET path=/cable duration=22.445429869s
2026/10/07 02:14:05 INFO request method=GET path=/cable duration=22.449690211s
2026/10/07 02:14:05 INFO request method=GET path=/cable duration=22.442106655s
2026/10/07 02:14:05 INFO request method=GET path=/cable duration=22.472709007s
2026/10/07 02:14:05 INFO request method=GET path=/cable duration=22.457097059s
2026/10/07 02:14:05 INFO request method=GET path=/cable duration=22.455576764s
2026/10/07 02:14:05 INFO request method=GET path=/cable duration=22.45383122s
2026/10/07 02:14:05 INFO request method=GET path=/cable duration=22.448967668s
2026/10/07 02:14:05 INFO request method=GET path=/cable duration=22.45570464s
2026/10/07 02:14:05 INFO request method=GET path=/cable duration=22.474900887s
2026/10/07 02:14:05 INFO request method=GET path=/cable duration=22.446869122s
2026/10/07 02:14:05 INFO request method=GET path=/cable duration=22.452674634s
2026/10/07 02:14:05 INFO request method=GET path=/cable duration=22.452053465s
2026/10/07 02:14:05 INFO request method=GET path=/cable duration=22.449082001s
2026/10/07 02:14:05 INFO request method=GET path=/cable duration=22.442273821s
2026/10/07 02:14:05 INFO request method=GET path=/cable duration=22.472878216s
2026/10/07 02:14:05 INFO request method=GET path=/cable duration=22.469293083s
2026/10/07 02:14:05 INFO request method=GET path=/cable duration=22.444190658s
2026/10/07 02:14:05 INFO request method=GET path=/cable duration=22.453336135s
2026/10/07 02:14:05 INFO request method=GET path=/cable duration=22.484332781s
2026/10/07 02:14:05 INFO request method=GET path=/cable duration=22.445651077s
2026/10/07 02:14:05 INFO request method=GET path=/cable duration=22.473459634s
2026/10/07 02:14:05 INFO request method=GET path=/cable duration=22.451365923s
2026/10/07 02:14:05 INFO request method=GET path=/cable duration=22.453261843s
2026/10/07 02:14:05 INFO request method=GET path=/cable duration=22.451732298s
2026/10/07 02:14:08 INFO request method=POST path=/rooms/201306877/messages duration=78.422323ms
2026/10/07 02:14:08 INFO request method=GET path=/users/eyJfcmFpbHMiOnsiZGF0YSI6MTI3MzI2MTQxLCJwdXIiOiJ1c2VyL2F2YXRhciJ9fQ--0ac8233a4786ee6c413408416bb81e7107534db5702d351533dc2ecd3876e97f/avatar duration=264.834µs
2026/10/07 02:14:08 INFO request method=POST path=/rooms/201306877/messages duration=28.825099ms
2026/10/07 02:14:08 INFO request method=GET path=/users/eyJfcmFpbHMiOnsiZGF0YSI6MTI3MzI2MTQxLCJwdXIiOiJ1c2VyL2F2YXRhciJ9fQ--0ac8233a4786ee6c413408416bb81e7107534db5702d351533dc2ecd3876e97f/avatar duration=8.083µs
2026/10/07 02:14:08 INFO request method=POST path=/rooms/201306877/messages duration=35.28432ms
2026/10/07 02:14:08 INFO request method=GET path=/users/eyJfcmFpbHMiOnsiZGF0YSI6MTI3MzI2MTQxLCJwdXIiOiJ1c2VyL2F2YXRhciJ9fQ--0ac8233a4786ee6c413408416bb81e7107534db5702d351533dc2ecd3876e97f/avatar duration=7.292µs
2026/10/07 02:14:08 INFO request method=POST path=/rooms/201306877/messages duration=29.834018ms
2026/10/07 02:14:08 INFO request method=GET path=/users/eyJfcmFpbHMiOnsiZGF0YSI6MTI3MzI2MTQxLCJwdXIiOiJ1c2VyL2F2YXRhciJ9fQ--0ac8233a4786ee6c413408416bb81e7107534db5702d351533dc2ecd3876e97f/avatar duration=7.125µs
2026/10/07 02:14:08 INFO request method=POST path=/rooms/201306877/messages duration=30.88052ms
2026/10/07 02:14:08 INFO request method=GET path=/users/eyJfcmFpbHMiOnsiZGF0YSI6MTI3MzI2MTQxLCJwdXIiOiJ1c2VyL2F2YXRhciJ9fQ--0ac8233a4786ee6c413408416bb81e7107534db5702d351533dc2ecd3876e97f/avatar duration=6.125µs
2026/10/07 02:14:08 INFO request method=POST path=/rooms/201306877/messages duration=31.676355ms
2026/10/07 02:14:08 INFO request method=GET path="/rails/active_storage/representations/redirect/eyJfcmFpbHMiOnsiZGF0YSI6MjUsInB1ciI6ImJsb2JfaWQifX0=--8314bb3fee65d3f8f0c3bc726e3c838511a8ddef/eyJfcmFpbHMiOnsiZGF0YSI6eyJmb3JtYXQiOiJqcGciLCJyZXNpemVfdG9fbGltaXQiOlsxMjAwLDgwMF19LCJwdXIiOiJ2YXJpYXRpb24ifX0=--28426ca1e33b0fea71b8b10b7f52a844de5886cf/black_hole.jpg" duration=212.667µs
2026/10/07 02:14:08 INFO request method=GET path="/rails/active_storage/disk/eyJfcmFpbHMiOnsiZGF0YSI6eyJrZXkiOiJmbGhrampxd3FsajFlYjUwZjJjNGRiNmp1bW5qIiwiZGlzcG9zaXRpb24iOiJpbmxpbmU7IGZpbGVuYW1lPVwiYmxhY2tfaG9sZS5qcGdcIjsgZmlsZW5hbWUqPVVURi04JydibGFja19ob2xlLmpwZyIsImNvbnRlbnRfdHlwZSI6ImltYWdlL2pwZWciLCJzZXJ2aWNlX25hbWUiOiJsb2NhbCJ9LCJleHAiOiIyMDI2LTEwLTA3VDAyOjE5OjA4LjM5OVoiLCJwdXIiOiJibG9iX2tleSJ9fQ==--0e51bd68dbe5b33e25c1c84eed4b9d66dde25b57/black_hole.jpg" duration=125.834µs
