candidate: reference :4111 vs symfony candidate :4112 (seed default, clock frozen at 2026-03-02T16:00:00Z)
breakpoint widths: {"chromium":[799,800,801],"firefox":[960,961],"webkit":[959,960]}
108 cells (80 on shared servers, 28 on fresh servers in 3 slots) × 2 targets, 5 workers
[1/108] rooms/show/designers @ firefox-desktop-light fail
[2/108] auth/sign_in/banned_ip @ chromium-desktop-light fail
[3/108] rooms/show/designers @ webkit-desktop-light fail
[4/108] auth/sign_in/banned_ip @ chromium-desktop-dark fail
[5/108] interactions/boost_created @ chromium-desktop-light fail
[6/108] rooms/show/designers @ firefox-phone-light fail
[7/108] realtime/message_edited @ firefox-desktop-light fail
[8/108] rooms/show/designers @ webkit-phone-light fail
[9/108] realtime/message_edited @ webkit-desktop-light fail
[10/108] auth/sign_in/banned_ip @ chromium-phone-light fail
[11/108] interactions/mention_autocomplete/results @ firefox-desktop-light fail
[12/108] interactions/boost_created @ chromium-desktop-dark fail
[13/108] interactions/mention_autocomplete/results @ webkit-desktop-light fail
[14/108] auth/sign_in/banned_ip @ chromium-phone-dark fail
[15/108] interactions/mention_autocomplete/results @ firefox-phone-light fail
[16/108] realtime/message_edited @ firefox-phone-light fail
[17/108] realtime/message_edited @ webkit-phone-light fail
[18/108] interactions/mention_autocomplete/results @ webkit-phone-light fail
[19/108] auth/join/invalid_code @ chromium-desktop-light fail
[20/108] interactions/boost_created @ chromium-phone-light fail
[21/108] interactions/lightbox @ firefox-desktop-light fail
[22/108] interactions/lightbox @ webkit-desktop-light fail
[23/108] auth/join/invalid_code @ chromium-desktop-dark fail
[24/108] realtime/boosted @ firefox-desktop-light fail
[25/108] interactions/lightbox @ firefox-phone-light fail
[26/108] realtime/boosted @ webkit-desktop-light fail
[27/108] interactions/lightbox @ webkit-phone-light fail
[28/108] auth/join/invalid_code @ chromium-phone-light fail
[29/108] interactions/boost_created @ chromium-phone-dark fail
[30/108] auth/join/invalid_code @ chromium-phone-dark fail
[31/108] auth/transfer/expired @ chromium-desktop-light fail
[32/108] auth/transfer/expired @ chromium-desktop-dark fail
[33/108] auth/transfer/expired @ chromium-phone-light fail
[34/108] realtime/boosted @ firefox-phone-light fail
[35/108] auth/transfer/expired @ chromium-phone-dark fail
[36/108] realtime/boosted @ webkit-phone-light fail
[37/108] errors/404 @ chromium-desktop-light fail
[38/108] interactions/quick_boost @ chromium-desktop-light fail
[39/108] errors/404 @ chromium-desktop-dark fail
[40/108] errors/404 @ chromium-phone-light fail
[41/108] errors/404 @ chromium-phone-dark fail
[42/108] rooms/show/designers @ chromium-desktop-light fail
[43/108] interactions/quick_boost @ chromium-desktop-dark fail
[44/108] rooms/show/designers @ chromium-desktop-dark fail
[45/108] interactions/quick_boost @ chromium-phone-light fail
[46/108] interactions/quick_boost @ chromium-phone-dark fail
[47/108] rooms/show/designers @ chromium-phone-light fail
[48/108] rooms/show/designers @ chromium-phone-dark fail
[49/108] rooms/show/designers @ chromium-bp799-light fail
[50/108] rooms/show/designers @ chromium-bp799-dark fail
[51/108] rooms/show/designers @ chromium-bp800-light fail
[52/108] interactions/edit_saved @ chromium-phone-light fail
[53/108] interactions/edit_saved @ chromium-desktop-light fail
[54/108] interactions/edit_saved @ chromium-desktop-dark fail
[55/108] rooms/show/designers @ chromium-bp800-dark fail
[56/108] rooms/show/designers @ chromium-bp801-light fail
[57/108] rooms/show/designers @ chromium-bp801-dark fail
[58/108] interactions/boost_picker @ chromium-desktop-light fail
[59/108] interactions/edit_saved @ chromium-phone-dark fail
[60/108] interactions/boost_picker @ chromium-desktop-dark fail
[61/108] realtime/message_edited @ chromium-desktop-dark fail
[62/108] realtime/message_edited @ chromium-desktop-light fail
[63/108] interactions/boost_picker @ chromium-phone-light fail
[64/108] interactions/boost_picker @ chromium-phone-dark fail
[65/108] interactions/mention_autocomplete/results @ chromium-desktop-light fail
[66/108] interactions/mention_autocomplete/results @ chromium-desktop-dark fail
[67/108] realtime/message_edited @ chromium-phone-light fail
[68/108] realtime/boosted @ chromium-desktop-light fail
[69/108] interactions/mention_autocomplete/results @ chromium-phone-light fail
[70/108] realtime/message_edited @ chromium-phone-dark fail
[71/108] interactions/mention_autocomplete/results @ chromium-phone-dark fail
[72/108] interactions/mention_autocomplete/all @ chromium-desktop-light fail
[73/108] interactions/mention_autocomplete/all @ chromium-desktop-dark fail
[74/108] realtime/boosted @ chromium-desktop-dark fail
[75/108] realtime/boosted @ chromium-phone-light fail
[76/108] interactions/mention_autocomplete/all @ chromium-phone-light fail
[77/108] realtime/boosted @ chromium-phone-dark fail
[78/108] interactions/mention_autocomplete/all @ chromium-phone-dark fail
[79/108] interactions/mention_autocomplete/empty @ chromium-desktop-light fail
[80/108] interactions/mention_autocomplete/empty @ chromium-desktop-dark fail
[81/108] interactions/mention_autocomplete/empty @ chromium-phone-light fail
[82/108] interactions/mention_autocomplete/empty @ chromium-phone-dark fail
[83/108] interactions/mention_autocomplete/inserted @ chromium-desktop-light fail
[84/108] interactions/mention_autocomplete/inserted @ chromium-desktop-dark fail
[85/108] interactions/mention_autocomplete/inserted @ chromium-phone-light fail
[86/108] interactions/lightbox @ chromium-desktop-light fail
[87/108] interactions/mention_autocomplete/inserted @ chromium-phone-dark fail
[88/108] interactions/lightbox @ chromium-desktop-dark fail
[89/108] interactions/lightbox @ chromium-phone-light fail
[90/108] interactions/lightbox @ chromium-phone-dark fail
[91/108] interactions/notifications_help @ chromium-desktop-light fail
[92/108] interactions/notifications_help @ chromium-desktop-dark fail
[93/108] interactions/notifications_help @ chromium-phone-light fail
[94/108] account/edit/admin @ chromium-desktop-light fail
[95/108] interactions/notifications_help @ chromium-phone-dark fail
[96/108] account/edit/admin @ chromium-desktop-dark fail
[97/108] account/edit/admin @ chromium-phone-light fail
[98/108] account/edit/admin @ chromium-phone-dark fail
[99/108] account/edit/admin @ chromium-bp799-light fail
[100/108] account/edit/admin @ chromium-bp799-dark fail
[101/108] account/edit/admin @ chromium-bp800-light fail
[102/108] account/edit/admin @ chromium-bp800-dark fail
[103/108] account/edit/admin @ chromium-bp801-dark fail
[104/108] account/edit/admin @ chromium-bp801-light fail
[105/108] account/bots @ chromium-desktop-light fail
[106/108] account/bots @ chromium-desktop-dark fail
[107/108] account/bots @ chromium-phone-light fail
[108/108] account/bots @ chromium-phone-dark fail
108 cells: 0 pass (0 flaky), 108 fail, 0 allowed, 0 error in 363.1s
report: /opt/campfire-bench/once-campfire-rust-symfony/parity/out/fix1/default/report.html
default exit 1
