23:01:44 rails rep 1 start:  23:01:44 up 1 day,  4:53,  0 users,  load average: 4.42, 4.39, 4.22
23:07:32 rails rep 1 end:    23:07:32 up 1 day,  4:59,  0 users,  load average: 5.68, 5.24, 4.57
23:07:32 django rep 1 start:  23:07:32 up 1 day,  4:59,  0 users,  load average: 5.68, 5.24, 4.57
23:15:46 django rep 1 end:    23:15:46 up 1 day,  5:07,  0 users,  load average: 1.33, 4.33, 4.57
23:15:46 laravel rep 1 start:  23:15:46 up 1 day,  5:07,  0 users,  load average: 1.33, 4.33, 4.57
23:22:02 laravel rep 1 end:    23:22:02 up 1 day,  5:14,  0 users,  load average: 1.87, 3.43, 4.17
23:22:02 laravel-frankenphp-classic rep 1 start:  23:22:02 up 1 day,  5:14,  0 users,  load average: 1.87, 3.43, 4.17
23:28:48 laravel-frankenphp-classic rep 1 end:    23:28:48 up 1 day,  5:20,  0 users,  load average: 3.10, 3.97, 4.23
23:28:48 laravel-frankenphp rep 1 start:  23:28:48 up 1 day,  5:20,  0 users,  load average: 3.10, 3.97, 4.23
23:36:28 laravel-frankenphp rep 1 end:    23:36:28 up 1 day,  5:28,  0 users,  load average: 3.03, 3.93, 4.15
23:36:28 express rep 1 start:  23:36:28 up 1 day,  5:28,  0 users,  load average: 3.03, 3.93, 4.15
23:41:58 express rep 1 end:    23:41:58 up 1 day,  5:34,  0 users,  load average: 3.47, 3.62, 3.90
23:41:58 elixir rep 1 start:  23:41:58 up 1 day,  5:34,  0 users,  load average: 3.47, 3.62, 3.90
23:47:30 elixir rep 1 end:    23:47:30 up 1 day,  5:39,  0 users,  load average: 5.86, 4.91, 4.31
23:47:30 go rep 1 start:  23:47:30 up 1 day,  5:39,  0 users,  load average: 5.86, 4.91, 4.31
23:53:32 go rep 1 end:    23:53:32 up 1 day,  5:45,  0 users,  load average: 5.96, 5.57, 4.69
23:53:32 rust rep 1 start:  23:53:32 up 1 day,  5:45,  0 users,  load average: 5.96, 5.57, 4.69
23:59:33 rust rep 1 end:    23:59:33 up 1 day,  5:51,  0 users,  load average: 6.23, 5.54, 4.83
23:59:33 symfony-classic rep 1 start:  23:59:33 up 1 day,  5:51,  0 users,  load average: 6.23, 5.54, 4.83
00:05:39 symfony-classic rep 1 end:    00:05:39 up 1 day,  5:57,  0 users,  load average: 5.54, 5.00, 4.68
00:05:39 symfony rep 1 start:  00:05:39 up 1 day,  5:57,  0 users,  load average: 5.54, 5.00, 4.68
00:11:37 symfony rep 1 end:    00:11:37 up 1 day,  6:03,  0 users,  load average: 5.78, 5.16, 4.75
00:11:37 symfony rep 2 start:  00:11:37 up 1 day,  6:03,  0 users,  load average: 5.78, 5.16, 4.75
00:17:47 symfony rep 2 end:    00:17:47 up 1 day,  6:09,  0 users,  load average: 5.43, 4.98, 4.68
00:17:47 symfony-classic rep 2 start:  00:17:47 up 1 day,  6:09,  0 users,  load average: 5.43, 4.98, 4.68
00:23:43 symfony-classic rep 2 end:    00:23:43 up 1 day,  6:15,  0 users,  load average: 5.92, 4.97, 4.65
00:23:43 rust rep 2 start:  00:23:43 up 1 day,  6:15,  0 users,  load average: 5.92, 4.97, 4.65
00:29:44 rust rep 2 end:    00:29:44 up 1 day,  6:21,  0 users,  load average: 6.44, 5.60, 4.91
00:29:44 go rep 2 start:  00:29:44 up 1 day,  6:21,  0 users,  load average: 6.44, 5.60, 4.91
00:35:45 go rep 2 end:    00:35:45 up 1 day,  6:27,  0 users,  load average: 5.89, 5.67, 5.04
00:35:45 elixir rep 2 start:  00:35:45 up 1 day,  6:27,  0 users,  load average: 5.89, 5.67, 5.04
00:41:48 elixir rep 2 end:    00:41:48 up 1 day,  6:33,  0 users,  load average: 6.95, 5.61, 5.05
00:41:48 express rep 2 start:  00:41:48 up 1 day,  6:33,  0 users,  load average: 6.95, 5.61, 5.05
00:48:12 express rep 2 end:    00:48:12 up 1 day,  6:40,  0 users,  load average: 3.19, 3.72, 4.28
00:48:12 laravel-frankenphp rep 2 start:  00:48:12 up 1 day,  6:40,  0 users,  load average: 3.19, 3.72, 4.28
00:55:52 laravel-frankenphp rep 2 end:    00:55:52 up 1 day,  6:48,  0 users,  load average: 2.94, 3.91, 4.19
00:55:52 laravel-frankenphp-classic rep 2 start:  00:55:52 up 1 day,  6:48,  0 users,  load average: 2.94, 3.91, 4.19
01:03:07 laravel-frankenphp-classic rep 2 end:    01:03:07 up 1 day,  6:55,  0 users,  load average: 2.51, 3.94, 4.15
01:03:07 laravel rep 2 start:  01:03:07 up 1 day,  6:55,  0 users,  load average: 2.51, 3.94, 4.15
01:09:57 laravel rep 2 end:    01:09:57 up 1 day,  7:02,  0 users,  load average: 1.75, 3.23, 3.82
01:09:57 django rep 2 start:  01:09:57 up 1 day,  7:02,  0 users,  load average: 1.75, 3.23, 3.82
01:16:51 django rep 2 end:    01:16:51 up 1 day,  7:08,  0 users,  load average: 1.38, 4.25, 4.43
01:16:51 rails rep 2 start:  01:16:51 up 1 day,  7:08,  0 users,  load average: 1.38, 4.25, 4.43
01:21:29 rails rep 2 end:    01:21:29 up 1 day,  7:13,  0 users,  load average: 6.51, 5.63, 4.94
01:21:29 rails rep 3 start:  01:21:29 up 1 day,  7:13,  0 users,  load average: 6.51, 5.63, 4.94
01:27:38 rails rep 3 end:    01:27:38 up 1 day,  7:19,  0 users,  load average: 5.50, 5.43, 4.94
01:27:38 django rep 3 start:  01:27:38 up 1 day,  7:19,  0 users,  load average: 5.50, 5.43, 4.94
01:35:51 django rep 3 end:    01:35:51 up 1 day,  7:27,  0 users,  load average: 1.41, 4.18, 4.70
01:35:51 laravel rep 3 start:  01:35:51 up 1 day,  7:27,  0 users,  load average: 1.41, 4.18, 4.70
01:41:56 laravel rep 3 end:    01:41:56 up 1 day,  7:34,  0 users,  load average: 1.92, 3.40, 4.28
01:41:56 laravel-frankenphp-classic rep 3 start:  01:41:56 up 1 day,  7:34,  0 users,  load average: 1.92, 3.40, 4.28
01:48:40 laravel-frankenphp-classic rep 3 end:    01:48:40 up 1 day,  7:40,  0 users,  load average: 3.07, 3.86, 4.25
01:48:40 laravel-frankenphp rep 3 start:  01:48:40 up 1 day,  7:40,  0 users,  load average: 3.07, 3.86, 4.25
01:56:20 laravel-frankenphp rep 3 end:    01:56:20 up 1 day,  7:48,  0 users,  load average: 3.15, 4.16, 4.29
01:56:20 express rep 3 start:  01:56:20 up 1 day,  7:48,  0 users,  load average: 3.15, 4.16, 4.29
02:02:45 express rep 3 end:    02:02:45 up 1 day,  7:54,  0 users,  load average: 2.42, 3.37, 3.88
02:02:45 elixir rep 3 start:  02:02:45 up 1 day,  7:54,  0 users,  load average: 2.42, 3.37, 3.88
02:07:58 elixir rep 3 end:    02:07:58 up 1 day,  8:00,  0 users,  load average: 7.20, 5.42, 4.55
02:07:58 go rep 3 start:  02:07:58 up 1 day,  8:00,  0 users,  load average: 7.20, 5.42, 4.55
02:14:09 go rep 3 end:    02:14:09 up 1 day,  8:06,  0 users,  load average: 5.89, 5.35, 4.68
02:14:09 rust rep 3 start:  02:14:09 up 1 day,  8:06,  0 users,  load average: 5.89, 5.35, 4.68
02:20:10 rust rep 3 end:    02:20:10 up 1 day,  8:12,  0 users,  load average: 6.95, 5.68, 4.88
02:20:10 symfony-classic rep 3 start:  02:20:10 up 1 day,  8:12,  0 users,  load average: 6.95, 5.68, 4.88
02:26:26 symfony-classic rep 3 end:    02:26:26 up 1 day,  8:18,  0 users,  load average: 4.95, 4.89, 4.66
02:26:26 symfony rep 3 start:  02:26:26 up 1 day,  8:18,  0 users,  load average: 4.95, 4.89, 4.66
02:32:26 symfony rep 3 end:    02:32:26 up 1 day,  8:24,  0 users,  load average: 3.95, 4.71, 4.61
